MCUFilesPath
mcuFile
RxTargetDevice::HandleMCUFile() Failed to open file
RxTargetDevice::HandleMCUFile() CreateMCUFileReader() failed
LoadMcuFile() Failed
szMcuFileName
_double.mcu
LoadMcuFile() Bad filename
N15CFncEzonMcuFile12CMemoryBlockE
N15CFncEzonMcuFile14CFlashRomBlockE
N15CFncEzonMcuFile12CExtMemBlockE
15CFncEzonMcuFile
17CFncCommonMcuFile
N15CFncEzonMcuFile9CSfrBlockE
N15CFncEzonMcuFile9CRamBlockE
17CFncEzonMcuFileV2
N18RenesasElectronics9MicomTool15DebuggerLibrary16EngineController7McuFile7RXE1E2025FlashMemoryConfigDataListE
NSt3__14listIN18RenesasElectronics9MicomTool15DebuggerLibrary16EngineController7McuFile7RXE1E2021FlashMemoryConfigDataENS_9allocatorIS7_EEEE
NSt3__110__list_impIN18RenesasElectronics9MicomTool15DebuggerLibrary16EngineController7McuFile7RXE1E2021FlashMemoryConfigDataENS_9allocatorIS7_EEEE
N18RenesasElectronics9MicomTool15DebuggerLibrary16EngineController7McuFile7RXE1E2019FirmwareInformationE
N18RenesasElectronics9MicomTool15DebuggerLibrary16EngineController7McuFile7RXE1E2019DebuggerInformationE
N18RenesasElectronics9MicomTool15DebuggerLibrary16EngineController7McuFile7RXE1E2021RMcuFileReaderRXE1E20E
N18RenesasElectronics9MicomTool15DebuggerLibrary16EngineController7McuFile7RXE1E2012RMemoryBlockE
N18RenesasElectronics9MicomTool15DebuggerLibrary16EngineController7McuFile7RXE1E2014RFlashRomBlockE
N18RenesasElectronics9MicomTool15DebuggerLibrary16EngineController7McuFile7RXE1E2020RExternalMemoryBlockE
__ZN15CFncEzonMcuFile14GetCommuniNameEv
__ZN15CFncEzonMcuFile14GetEnvPathNameEv
__ZN15CFncEzonMcuFile14GetWtrFileNameEv
__ZN15CFncEzonMcuFile16IsInCoverageModeEv
__ZN15CFncEzonMcuFile16IsSerialDebuggerEv
__ZN17CFFWEzonInterface10SetMcuFileEP17CFncCommonMcuFile
__ZN18RenesasElectronics9MicomTool15DebuggerLibrary16EngineController7McuFile7RXE1E2013RTypedPtrListINS4_8CPtrListEPNS4_12RMemoryBlockEE15GetHeadPositionEv
__ZN18RenesasElectronics9MicomTool15DebuggerLibrary16EngineController7McuFile7RXE1E2013RTypedPtrListINS4_8CPtrListEPNS4_12RMemoryBlockEE7AddTailES8_
__ZN18RenesasElectronics9MicomTool15DebuggerLibrary16EngineController7McuFile7RXE1E2013RTypedPtrListINS4_8CPtrListEPNS4_12RMemoryBlockEE7GetNextERPv
__ZN18RenesasElectronics9MicomTool15DebuggerLibrary16EngineController7McuFile7RXE1E2013RTypedPtrListINS4_8CPtrListEPNS4_12RMemoryBlockEE8GetCountEv
__ZN18RenesasElectronics9MicomTool15DebuggerLibrary16EngineController7McuFile7RXE1E2013RTypedPtrListINS4_8CPtrListEPNS4_12RMemoryBlockEE9RemoveAllEv
__ZN18RenesasElectronics9MicomTool15DebuggerLibrary16EngineController7McuFile7RXE1E207RStringaSEOS5_
__ZN18RenesasElectronics9MicomTool15DebuggerLibrary16EngineController7McuFile7RXE1E207RStringaSERKS5_
__ZN32TargetDeviceListCoreDetailsEntry10getMcuFileEv
__ZNK18compareMemoryBlockclERPN18RenesasElectronics9MicomTool15DebuggerLibrary16EngineController7McuFile7RXE1E2012RMemoryBlockES8_
__ZNKSt3__111__move_loopINS_17_ClassicAlgPolicyEEclB8ne180100INS_16reverse_iteratorIPPN15CFncEzonMcuFile12CMemoryBlockEEES9_S9_EENS_4pairIT_T1_EESB_T0_SC_
__ZNSt3__110__list_impIN18RenesasElectronics9MicomTool15DebuggerLibrary16EngineController7McuFile7RXE1E2021FlashMemoryConfigDataENS_9allocatorIS7_EEE13__create_
__ZNSt3__110__list_impIN18RenesasElectronics9MicomTool15DebuggerLibrary16EngineController7McuFile7RXE1E2021FlashMemoryConfigDataENS_9allocatorIS7_EEE13__delete_
__ZNSt3__110__list_impIPN18RenesasElectronics9MicomTool15DebuggerLibrary16EngineController7McuFile7RXE1E2012RMemoryBlockENS_9allocatorIS8_EEE13__create_nodeB8ne
__ZNSt3__110__list_impIPN18RenesasElectronics9MicomTool15DebuggerLibrary16EngineController7McuFile7RXE1E2012RMemoryBlockENS_9allocatorIS8_EEE13__delete_nodeB8ne
__ZNSt3__116allocator_traitsINS_9allocatorINS_11__list_nodeIN18RenesasElectronics9MicomTool15DebuggerLibrary16EngineController7McuFile7RXE1E2021FlashMemoryConfi
__ZNSt3__116allocator_traitsINS_9allocatorINS_11__list_nodeIN18RenesasElectronics9MicomTool15DebuggerLibrary16EngineController7McuFile7RXE1E2021FlashMemoryConfi
__ZNSt3__116allocator_traitsINS_9allocatorINS_11__list_nodeIN18RenesasElectronics9MicomTool15DebuggerLibrary16EngineController7McuFile7RXE1E2021FlashMemoryConfi
__ZNSt3__116allocator_traitsINS_9allocatorINS_11__list_nodeIPN18RenesasElectronics9MicomTool15DebuggerLibrary16EngineController7McuFile7RXE1E2012RMemoryBlockEPv
__ZNSt3__116allocator_traitsINS_9allocatorINS_11__list_nodeIPN18RenesasElectronics9MicomTool15DebuggerLibrary16EngineController7McuFile7RXE1E2012RMemoryBlockEPv
__ZNSt3__116allocator_traitsINS_9allocatorINS_11__list_nodeIPN18RenesasElectronics9MicomTool15DebuggerLibrary16EngineController7McuFile7RXE1E2012RMemoryBlockEPv
__ZNSt3__116allocator_traitsINS_9allocatorIPN15CFncEzonMcuFile12CMemoryBlockEEEE7destroyB8ne180100IS4_vEEvRS5_PT_
__ZNSt3__116allocator_traitsINS_9allocatorIPN15CFncEzonMcuFile12CMemoryBlockEEEE8max_sizeB8ne180100IS5_vEEmRKS5_
__ZNSt3__116allocator_traitsINS_9allocatorIPN15CFncEzonMcuFile12CMemoryBlockEEEE9constructB8ne180100IS4_JS4_EvEEvRS5_PT_DpOT0_
__ZNSt3__14listIPN18RenesasElectronics9MicomTool15DebuggerLibrary16EngineController7McuFile7RXE1E2012RMemoryBlockENS_9allocatorIS8_EEE4sortI18compareMemoryBlock
__ZNSt3__14listIPN18RenesasElectronics9MicomTool15DebuggerLibrary16EngineController7McuFile7RXE1E2012RMemoryBlockENS_9allocatorIS8_EEE6__sortI18compareMemoryBlo
__ZNSt3__16vectorIPN15CFncEzonMcuFile12CMemoryBlockENS_9allocatorIS3_EEE21__push_back_slow_pathIS3_EEPS3_OT_
__ZNSt3__16vectorIPN15CFncEzonMcuFile12CMemoryBlockENS_9allocatorIS3_EEE22__construct_one_at_endB8ne180100IJS3_EEEvDpOT_
__ZNSt3__19allocatorINS_11__list_nodeIN18RenesasElectronics9MicomTool15DebuggerLibrary16EngineController7McuFile7RXE1E2021FlashMemoryConfigDataEPvEEE9constructB
__ZNSt3__19allocatorINS_11__list_nodeIPN18RenesasElectronics9MicomTool15DebuggerLibrary16EngineController7McuFile7RXE1E2012RMemoryBlockEPvEEE9constructB8ne18010
__ZNSt3__19allocatorIPN15CFncEzonMcuFile12CMemoryBlockEE9constructB8ne180100IS3_JS3_EEEvPT_DpOT0_
.MCURUN
0getMcuFileEv
1EP13ITargetDeviceR14IServerContextR23ConfigurationParametersP15CFncEzonMcuFileP17CFFWEzonInterface
2EP13ITargetDeviceR14IServerContextR23ConfigurationParametersP15CFncEzonMcuFileP17CFFWEzonInterface
ErrorDeviceMCUFileAccessEv
VariableAccessEP15CFncEzonMcuFile
C2EP17CFncCommonMcuFile
HandleMCUFileEv
FncEzonMcuFileEv
CreateMCUFileReaderEv
MCUFilesDirectoryEv
FncEzonMcuFile
SetMcuFileEP17CFncCommonMcuFile
m_pMcuFileE
1EP17CFncCommonMcuFile
2EP17CFncCommonMcuFile
amInformationEPN18RenesasElectronics9MicomTool15DebuggerLibrary16EngineController7McuFile7RXE1E2013RTypedPtrListINS5_8CPtrListEPNS5_12RMemoryBlockEEESB_
omInformationEPN18RenesasElectronics9MicomTool15DebuggerLibrary16EngineController7McuFile7RXE1E2013RTypedPtrListINS5_8CPtrListEPNS5_12RMemoryBlockEEESB_
SfrInformationEPN18RenesasElectronics9MicomTool15DebuggerLibrary16EngineController7McuFile7RXE1E2013RTypedPtrListINS5_8CPtrListEPNS5_12RMemoryBlockEEE
7LoadExtInformationRomEnableEPN18RenesasElectronics9MicomTool15DebuggerLibrary16EngineController7McuFile7RXE1E2013RTypedPtrListINS5_8CPtrListEPNS5_12RMemoryBloc
8LoadExtInformationRomDisableEPN18RenesasElectronics9MicomTool15DebuggerLibrary16EngineController7McuFile7RXE1E2013RTypedPtrListINS5_8CPtrListEPNS5_12RMemoryBlo
McuFileV2
8setIsJsonSupportFileSelectedEb
43loadLatestJsonSupportFilesIntoDependencyMapERKNSt3__112basic_stringIcNS2_11char_traitsIcEENS2_9allocatorIcEEEE
LoadMcuFileEPKc
1RMcuFileReaderRXE1E20
6EngineController7McuFile7RXE1E20
getMcuFileEP25TargetDeviceListManagerRX
HandleMCUFileCoreEP25TargetDeviceListManagerRX
1EP17CFncCommonMcuFile
2EP17CFncCommonMcuFile
1EP13ITargetDeviceR14IServerContextR23ConfigurationParametersP15CFncEzonMcuFileP17CFFWEzonInterface
2EP13ITargetDeviceR14IServerContextR23ConfigurationParametersP15CFncEzonMcuFileP17CFFWEzonInterface
HandleMCUFileEv
HandleMCUFileEv
4getMcuFilePathEv
20getMcuFilesDirectoryEv
4getCoreMcuFileEPKc
getMcuFileEv
0getMcuFileEv
0getMcuFileEv
0getMcuFileEv
1ConnectEzonEP17CFFWEzonInterfaceP15CFncEzonMcuFile
17InitializeEzonOCDEP17CFFWEzonInterfaceP15CFncEzonMcuFile
1EP15CFncEzonMcuFileR23ConfigurationParameters
12EP15CFncEzonMcuFileR23ConfigurationParameters
129InitializeEzonOCDWithoutTraceEP17CFFWEzonInterfaceP15CFncEzonMcuFile
13InitializeOCDEP17CFFWEzonInterfaceP15CFncEzonMcuFile
125InitializeOCDWithoutTraceEP17CFFWEzonInterfaceP15CFncEzonMcuFile
17ConnectEP17CFFWEzonInterfaceP15CFncEzonMcuFile
0getMcuFileEv
2DeviceInformation10getMCUFileEv
25isJsonSupportFileSelectedEv
26EngineController7McuFile7RXE1E207RString
2compareMemoryBlockclERPN18RenesasElectronics9MicomTool15DebuggerLibrary16EngineController7McuFile7RXE1E2012RMemoryBlockES8_
5CFncEzonMcuFile12CMemoryBlockEEES9_S9_EENS_4pairIT_T1_EESB_T0_SC_
78RenesasElectronics9MicomTool15DebuggerLibrary16EngineController7McuFile7RXE1E2021FlashMemoryConfigDataENS_9allocatorIS7_EEE13__
18RenesasElectronics9MicomTool15DebuggerLibrary16EngineController7McuFile7RXE1E2012RMemoryBlockENS_9allocatorIS8_EEE13__
:8RenesasElectronics9MicomTool15DebuggerLibrary16EngineController7McuFile7RXE1E2021FlashMemoryConfigDataEPvEEEEE
18RenesasElectronics9MicomTool15DebuggerLibrary16EngineController7McuFile7RXE1E2012RMemoryBlockEPvEEEEE
5CFncEzonMcuFile12CMemoryBlockEEEE
=N18RenesasElectronics9MicomTool15DebuggerLibrary16EngineController7McuFile7RXE1E2012RMemoryBlockENS_9allocatorIS8_EEE
5CFncEzonMcuFile12CMemoryBlockENS_9allocatorIS3_EEE2
B8RenesasElectronics9MicomTool15DebuggerLibrary16EngineController7McuFile7RXE1E2021FlashMemoryConfigDataEPvEEE9constructB8ne180100IS8_JRKS8_EEEvPT_DpOT0_
18RenesasElectronics9MicomTool15DebuggerLibrary16EngineController7McuFile7RXE1E2012RMemoryBlockEPvEEE9constructB8ne180100IS9_JRKS9_EEEvPT_DpOT0_
5CFncEzonMcuFile12CMemoryBlockEE9constructB8ne180100IS3_JS3_EEEvPT_DpOT0_
CFncEzonMcuFile
McuFileV2
D1RMcuFileReaderRXE1E20E
D6EngineController7McuFile7RXE1E20
EFncEzonMcuFile
McuFileV2
F1RMcuFileReaderRXE1E20E
F6EngineController7McuFile7RXE1E20
FFncEzonMcuFile
McuFileV2
G1RMcuFileReaderRXE1E20E
G6EngineController7McuFile7RXE1E20
__ZN12ADMTargetFFW10getMcuFileEv
__ZN12ADMTargetFFWC1EP13ITargetDeviceR14IServerContextR23ConfigurationParametersP15CFncEzonMcuFileP17CFFWEzonInterface
__ZN12ADMTargetFFWC2EP13ITargetDeviceR14IServerContextR23ConfigurationParametersP15CFncEzonMcuFileP17CFFWEzonInterface
__ZN12TargetDevice24ErrorDeviceMCUFileAccessEv
__ZN13CEventManager17SetVariableAccessEP15CFncEzonMcuFile
__ZN13CFFWInterfaceC2EP17CFncCommonMcuFile
__ZN14RxTargetDevice10getMcuFileEPKc
__ZN14RxTargetDevice10getMcuFileEv
__ZN14RxTargetDevice13HandleMCUFileEv
__ZN14RxTargetDevice17getFncEzonMcuFileEv
__ZN14RxTargetDevice19CreateMCUFileReaderEv
__ZN14RxTargetDevice20getMCUFilesDirectoryEv
__ZN15CFncEzonMcuFile10SetMcuDataER18FFWRX_MCUAREA_DATAR18FFWRX_MCUINFO_DATAi
__ZN15CFncEzonMcuFile11LoadMCUDataEPKcS1_
__ZN15CFncEzonMcuFile12ChangeEndianEPNSt3__16vectorIPNS_12CMemoryBlockENS0_9allocatorIS3_EEEEb
__ZN15CFncEzonMcuFile14GetCmdKeywordsENSt3__112basic_stringIcNS0_11char_traitsIcEENS0_9allocatorIcEEEEPS6_
__ZN15CFncEzonMcuFile14GetCommuniNameEv
__ZN15CFncEzonMcuFile14GetEnvPathNameEv
__ZN15CFncEzonMcuFile14GetWtrFileNameEv
__ZN15CFncEzonMcuFile15CreateMemoryMapERNSt3__16vectorIP11MemoryBlockNS0_9allocatorIS3_EEEE14FFWRXENM_RMODE
__ZN15CFncEzonMcuFile15GetJTagClkValueEv
__ZN15CFncEzonMcuFile15SetUserSettingsEv
__ZN15CFncEzonMcuFile16GetFineClockInfoERNSt3__112basic_stringIcNS0_11char_traitsIcEENS0_9allocatorIcEEEES7_S7_
__ZN15CFncEzonMcuFile16GetProcModeIndexEi
__ZN15CFncEzonMcuFile16IsEnableExternalEi
__ZN15CFncEzonMcuFile16IsInCoverageModeEv
__ZN15CFncEzonMcuFile16IsSerialDebuggerEv
__ZN15CFncEzonMcuFile16IsSingleChipModeEi
__ZN15CFncEzonMcuFile16RemoveAllElementERNSt3__16vectorIPNS_12CMemoryBlockENS0_9allocatorIS3_EEEE
__ZN15CFncEzonMcuFile16SetDefaultEndianEb
__ZN15CFncEzonMcuFile16isExternalMemoryEyj
__ZN15CFncEzonMcuFile17GetFineClockValueEv
__ZN15CFncEzonMcuFile18EnableEndianChangeEv
__ZN15CFncEzonMcuFile18LoadExtInformationEPKc
__ZN15CFncEzonMcuFile18LoadRamInformationEPKc
__ZN15CFncEzonMcuFile18LoadRomInformationEPKc
__ZN15CFncEzonMcuFile18LoadSfrInformationEPKc
__ZN15CFncEzonMcuFile21GetOperatingModeIndexEi
__ZN15CFncEzonMcuFile22SetExternalMemoryAreasERK28ExternalMemoryAreaCollection
__ZN15CFncEzonMcuFile23PerformanceChannelCountEv
__ZN15CFncEzonMcuFile27getExternalMemoryAccessSizeEym
__ZN15CFncEzonMcuFile31GetInternalFlashMemoryOverwriteEbRNSt3__16vectorIjNS0_9allocatorIjEEEER15FFWRX_FOVR_DATA
__ZN15CFncEzonMcuFile7HasFINEEv
__ZN15CFncEzonMcuFile7HasJTAGEv
__ZN15CFncEzonMcuFile7IsRX100Ev
__ZN15CFncEzonMcuFile7IsRX200Ev
__ZN15CFncEzonMcuFile7IsRX610Ev
__ZN15CFncEzonMcuFile7IsRX64MEv
__ZN15CFncEzonMcuFile7IsRX71MEv
__ZN15CFncEzonMcuFile9GetUBCodeEPhS0_ii
__ZN15CFncEzonMcuFile9SetRmDataER13FFWRX_RM_DATA
__ZN15CFncEzonMcuFile9createMapERNSt3__16vectorIP11MemoryBlockNS0_9allocatorIS3_EEEEPNS1_IPNS_12CMemoryBlockENS4_IS9_EEEE
__ZN15CFncEzonMcuFile9getUBCodeENSt3__112basic_stringIcNS0_11char_traitsIcEENS0_9allocatorIcEEEEPhi
__ZN15CFncEzonMcuFileC1ER23ConfigurationParameters
__ZN15CFncEzonMcuFileC2ER23ConfigurationParameters
__ZN15CFncEzonMcuFileD0Ev
__ZN15CFncEzonMcuFileD1Ev
__ZN15CFncEzonMcuFileD2Ev
__ZN17CFFWEzonInterface10SetMcuFileEP17CFncCommonMcuFile
__ZN17CFFWEzonInterface10m_pMcuFileE
__ZN17CFFWEzonInterfaceC1EP17CFncCommonMcuFile
__ZN17CFFWEzonInterfaceC2EP17CFncCommonMcuFile
__ZN17CFncEzonMcuFileV211LoadMCUDataEPKcS1_
__ZN17CFncEzonMcuFileV218LoadRamInformationEPN18RenesasElectronics9MicomTool15DebuggerLibrary16EngineController7McuFile7RXE1E2013RTypedPtrListINS5_8CPtrListEPNS
__ZN17CFncEzonMcuFileV218LoadRomInformationEPN18RenesasElectronics9MicomTool15DebuggerLibrary16EngineController7McuFile7RXE1E2013RTypedPtrListINS5_8CPtrListEPNS
__ZN17CFncEzonMcuFileV218LoadSfrInformationEPN18RenesasElectronics9MicomTool15DebuggerLibrary16EngineController7McuFile7RXE1E2013RTypedPtrListINS5_8CPtrListEPNS
__ZN17CFncEzonMcuFileV221GetOperatingModeIndexEi
__ZN17CFncEzonMcuFileV227LoadExtInformationRomEnableEPN18RenesasElectronics9MicomTool15DebuggerLibrary16EngineController7McuFile7RXE1E2013RTypedPtrListINS5_8CPt
__ZN17CFncEzonMcuFileV228LoadExtInformationRomDisableEPN18RenesasElectronics9MicomTool15DebuggerLibrary16EngineController7McuFile7RXE1E2013RTypedPtrListINS5_8CP
__ZN17CFncEzonMcuFileV27HasFINEEv
__ZN17CFncEzonMcuFileV2C1ER23ConfigurationParameters
__ZN17CFncEzonMcuFileV2C2ER23ConfigurationParameters
__ZN18RenesasElectronics21RenesasTrustZoneDebug16RenesasTrustZone28setIsJsonSupportFileSelectedEb
__ZN18RenesasElectronics21RenesasTrustZoneDebug27LatestJsonSupportFileFinder43loadLatestJsonSupportFilesIntoDependencyMapERKNSt3__112basic_stringIcNS2_11char_tr
__ZN18RenesasElectronics9MicomTool15DebuggerLibrary16EngineController7McuFile7RXE1E2012RMemoryBlock10IsIncludedEji
__ZN18RenesasElectronics9MicomTool15DebuggerLibrary16EngineController7McuFile7RXE1E2012RMemoryBlock13GetAccessSizeEv
__ZN18RenesasElectronics9MicomTool15DebuggerLibrary16EngineController7McuFile7RXE1E2012RMemoryBlock13SetAccessSizeE19FFWENM_MACCESS_SIZE
__ZN18RenesasElectronics9MicomTool15DebuggerLibrary16EngineController7McuFile7RXE1E2012RMemoryBlock9GetEndianEv
__ZN18RenesasElectronics9MicomTool15DebuggerLibrary16EngineController7McuFile7RXE1E2012RMemoryBlock9SetEndianE13FFWENM_ENDIAN
__ZN18RenesasElectronics9MicomTool15DebuggerLibrary16EngineController7McuFile7RXE1E2012RMemoryBlockC1Ev
__ZN18RenesasElectronics9MicomTool15DebuggerLibrary16EngineController7McuFile7RXE1E2012RMemoryBlockC2Ev
__ZN18RenesasElectronics9MicomTool15DebuggerLibrary16EngineController7McuFile7RXE1E2012RMemoryBlockD0Ev
__ZN18RenesasElectronics9MicomTool15DebuggerLibrary16EngineController7McuFile7RXE1E2012RMemoryBlockD1Ev
__ZN18RenesasElectronics9MicomTool15DebuggerLibrary16EngineController7McuFile7RXE1E2012RMemoryBlockD2Ev
__ZN18RenesasElectronics9MicomTool15DebuggerLibrary16EngineController7McuFile7RXE1E2013RTypedPtrListINS4_8CPtrListEPNS4_12RMemoryBlockEE15GetHeadPositionEv
__ZN18RenesasElectronics9MicomTool15DebuggerLibrary16EngineController7McuFile7RXE1E2013RTypedPtrListINS4_8CPtrListEPNS4_12RMemoryBlockEE7AddTailES8_
__ZN18RenesasElectronics9MicomTool15DebuggerLibrary16EngineController7McuFile7RXE1E2013RTypedPtrListINS4_8CPtrListEPNS4_12RMemoryBlockEE7GetNextERPv
__ZN18RenesasElectronics9MicomTool15DebuggerLibrary16EngineController7McuFile7RXE1E2013RTypedPtrListINS4_8CPtrListEPNS4_12RMemoryBlockEE8GetCountEv
__ZN18RenesasElectronics9MicomTool15DebuggerLibrary16EngineController7McuFile7RXE1E2013RTypedPtrListINS4_8CPtrListEPNS4_12RMemoryBlockEE9RemoveAllEv
__ZN18RenesasElectronics9MicomTool15DebuggerLibrary16EngineController7McuFile7RXE1E2014RFlashRomBlock12GetBlockSizeEv
__ZN18RenesasElectronics9MicomTool15DebuggerLibrary16EngineController7McuFile7RXE1E2014RFlashRomBlock12SetBlockInfoEjii
__ZN18RenesasElectronics9MicomTool15DebuggerLibrary16EngineController7McuFile7RXE1E2014RFlashRomBlock13GetBlockCountEv
__ZN18RenesasElectronics9MicomTool15DebuggerLibrary16EngineController7McuFile7RXE1E2014RFlashRomBlockC1Ev
__ZN18RenesasElectronics9MicomTool15DebuggerLibrary16EngineController7McuFile7RXE1E2014RFlashRomBlockC2Ev
__ZN18RenesasElectronics9MicomTool15DebuggerLibrary16EngineController7McuFile7RXE1E2014RFlashRomBlockD0Ev
__ZN18RenesasElectronics9MicomTool15DebuggerLibrary16EngineController7McuFile7RXE1E2014RFlashRomBlockD1Ev
__ZN18RenesasElectronics9MicomTool15DebuggerLibrary16EngineController7McuFile7RXE1E2014RFlashRomBlockD2Ev
__ZN18RenesasElectronics9MicomTool15DebuggerLibrary16EngineController7McuFile7RXE1E2019DebuggerInformation17InitializeMembersEv
__ZN18RenesasElectronics9MicomTool15DebuggerLibrary16EngineController7McuFile7RXE1E2019DebuggerInformationC1Ev
__ZN18RenesasElectronics9MicomTool15DebuggerLibrary16EngineController7McuFile7RXE1E2019DebuggerInformationC2Ev
__ZN18RenesasElectronics9MicomTool15DebuggerLibrary16EngineController7McuFile7RXE1E2019DebuggerInformationD0Ev
__ZN18RenesasElectronics9MicomTool15DebuggerLibrary16EngineController7McuFile7RXE1E2019DebuggerInformationD1Ev
__ZN18RenesasElectronics9MicomTool15DebuggerLibrary16EngineController7McuFile7RXE1E2019DebuggerInformationD2Ev
__ZN18RenesasElectronics9MicomTool15DebuggerLibrary16EngineController7McuFile7RXE1E2019FirmwareInformation17InitializeMembersEv
__ZN18RenesasElectronics9MicomTool15DebuggerLibrary16EngineController7McuFile7RXE1E2019FirmwareInformationC1Ev
__ZN18RenesasElectronics9MicomTool15DebuggerLibrary16EngineController7McuFile7RXE1E2019FirmwareInformationC2Ev
__ZN18RenesasElectronics9MicomTool15DebuggerLibrary16EngineController7McuFile7RXE1E2019FirmwareInformationD0Ev
__ZN18RenesasElectronics9MicomTool15DebuggerLibrary16EngineController7McuFile7RXE1E2019FirmwareInformationD1Ev
__ZN18RenesasElectronics9MicomTool15DebuggerLibrary16EngineController7McuFile7RXE1E2019FirmwareInformationD2Ev
__ZN18RenesasElectronics9MicomTool15DebuggerLibrary16EngineController7McuFile7RXE1E2020RExternalMemoryBlock12UseCpuEndianEb
__ZN18RenesasElectronics9MicomTool15DebuggerLibrary16EngineController7McuFile7RXE1E2020RExternalMemoryBlock13GetMemoryTypeEv
__ZN18RenesasElectronics9MicomTool15DebuggerLibrary16EngineController7McuFile7RXE1E2020RExternalMemoryBlock13SetMemoryTypeEi
__ZN18RenesasElectronics9MicomTool15DebuggerLibrary16EngineController7McuFile7RXE1E2020RExternalMemoryBlock19GetChipSelectNumberEv
__ZN18RenesasElectronics9MicomTool15DebuggerLibrary16EngineController7McuFile7RXE1E2020RExternalMemoryBlock19SetChipSelectNumberEi
__ZN18RenesasElectronics9MicomTool15DebuggerLibrary16EngineController7McuFile7RXE1E2020RExternalMemoryBlock9GetEndianEv
__ZN18RenesasElectronics9MicomTool15DebuggerLibrary16EngineController7McuFile7RXE1E2020RExternalMemoryBlockC1Ev
__ZN18RenesasElectronics9MicomTool15DebuggerLibrary16EngineController7McuFile7RXE1E2020RExternalMemoryBlockC2Ev
__ZN18RenesasElectronics9MicomTool15DebuggerLibrary16EngineController7McuFile7RXE1E2020RExternalMemoryBlockD0Ev
__ZN18RenesasElectronics9MicomTool15DebuggerLibrary16EngineController7McuFile7RXE1E2020RExternalMemoryBlockD1Ev
__ZN18RenesasElectronics9MicomTool15DebuggerLibrary16EngineController7McuFile7RXE1E2020RExternalMemoryBlockD2Ev
__ZN18RenesasElectronics9MicomTool15DebuggerLibrary16EngineController7McuFile7RXE1E2021RMcuFileReaderRXE1E2010GetParamRMER13FFWRX_RM_DATA
__ZN18RenesasElectronics9MicomTool15DebuggerLibrary16EngineController7McuFile7RXE1E2021RMcuFileReaderRXE1E2011FixedEndianEv
__ZN18RenesasElectronics9MicomTool15DebuggerLibrary16EngineController7McuFile7RXE1E2021RMcuFileReaderRXE1E2011GetParamCVMER14FFWRX_CVM_DATA
__ZN18RenesasElectronics9MicomTool15DebuggerLibrary16EngineController7McuFile7RXE1E2021RMcuFileReaderRXE1E2011GetParamDBGER14FFWRX_DBG_DATA
__ZN18RenesasElectronics9MicomTool15DebuggerLibrary16EngineController7McuFile7RXE1E2021RMcuFileReaderRXE1E2011GetParamMCUER18FFWRX_MCUAREA_DATAR18FFWRX_MCUINFO_
__ZN18RenesasElectronics9MicomTool15DebuggerLibrary16EngineController7McuFile7RXE1E2021RMcuFileReaderRXE1E2011IsFileExistEPKc
__ZN18RenesasElectronics9MicomTool15DebuggerLibrary16EngineController7McuFile7RXE1E2021RMcuFileReaderRXE1E2011LoadMcuFileEPKc
__ZN18RenesasElectronics9MicomTool15DebuggerLibrary16EngineController7McuFile7RXE1E2021RMcuFileReaderRXE1E2011UseCoverageEb
__ZN18RenesasElectronics9MicomTool15DebuggerLibrary16EngineController7McuFile7RXE1E2021RMcuFileReaderRXE1E2012GetParamFMCDER15FFWRX_FMCD_DATA
__ZN18RenesasElectronics9MicomTool15DebuggerLibrary16EngineController7McuFile7RXE1E2021RMcuFileReaderRXE1E2012GetParamPMODEbR17FFWRX_UBCODE_DATAR28FFWRX_UBAREA_
__ZN18RenesasElectronics9MicomTool15DebuggerLibrary16EngineController7McuFile7RXE1E2021RMcuFileReaderRXE1E2012RequireExTALEv
__ZN18RenesasElectronics9MicomTool15DebuggerLibrary16EngineController7McuFile7RXE1E2021RMcuFileReaderRXE1E2012SetCpuEndianE13FFWENM_ENDIAN
__ZN18RenesasElectronics9MicomTool15DebuggerLibrary16EngineController7McuFile7RXE1E2021RMcuFileReaderRXE1E2012changeEndianE13FFWENM_ENDIANRNS4_13RTypedPtrListIN
__ZN18RenesasElectronics9MicomTool15DebuggerLibrary16EngineController7McuFile7RXE1E2021RMcuFileReaderRXE1E2013GetParamTMOUTERtS6_
__ZN18RenesasElectronics9MicomTool15DebuggerLibrary16EngineController7McuFile7RXE1E2021RMcuFileReaderRXE1E2013GetParamUSBTSERj
__ZN18RenesasElectronics9MicomTool15DebuggerLibrary16EngineController7McuFile7RXE1E2021RMcuFileReaderRXE1E2013GetProfileHexEPKcS7_jS7_
__ZN18RenesasElectronics9MicomTool15DebuggerLibrary16EngineController7McuFile7RXE1E2021RMcuFileReaderRXE1E2013GetProfileIntEPKcS7_iS7_
__ZN18RenesasElectronics9MicomTool15DebuggerLibrary16EngineController7McuFile7RXE1E2021RMcuFileReaderRXE1E2015GetParamSCICTRLERt
__ZN18RenesasElectronics9MicomTool15DebuggerLibrary16EngineController7McuFile7RXE1E2021RMcuFileReaderRXE1E2015GetParamWTRLOADERNSt3__16vectorIhNS6_9allocatorIhE
__ZN18RenesasElectronics9MicomTool15DebuggerLibrary16EngineController7McuFile7RXE1E2021RMcuFileReaderRXE1E2016GetMemoryListRamEv
__ZN18RenesasElectronics9MicomTool15DebuggerLibrary16EngineController7McuFile7RXE1E2021RMcuFileReaderRXE1E2016GetMemoryListSfrEv
__ZN18RenesasElectronics9MicomTool15DebuggerLibrary16EngineController7McuFile7RXE1E2021RMcuFileReaderRXE1E2016GetProfileStringEPKcS7_S7_S7_
__ZN18RenesasElectronics9MicomTool15DebuggerLibrary16EngineController7McuFile7RXE1E2021RMcuFileReaderRXE1E2016SetOperatingModeE14FFWRXENM_PMODE14FFWRXENM_RMODE
__ZN18RenesasElectronics9MicomTool15DebuggerLibrary16EngineController7McuFile7RXE1E2021RMcuFileReaderRXE1E2017initializeMembersEv
__ZN18RenesasElectronics9MicomTool15DebuggerLibrary16EngineController7McuFile7RXE1E2021RMcuFileReaderRXE1E2017removeAllElementsERNS4_13RTypedPtrListINS4_8CPtrLi
__ZN18RenesasElectronics9MicomTool15DebuggerLibrary16EngineController7McuFile7RXE1E2021RMcuFileReaderRXE1E2018GetMemoryListOtherEv
__ZN18RenesasElectronics9MicomTool15DebuggerLibrary16EngineController7McuFile7RXE1E2021RMcuFileReaderRXE1E2018readRamInformationEPKcS7_RNS4_13RTypedPtrListINS4_
__ZN18RenesasElectronics9MicomTool15DebuggerLibrary16EngineController7McuFile7RXE1E2021RMcuFileReaderRXE1E2018readSfrInformationEPKc
__ZN18RenesasElectronics9MicomTool15DebuggerLibrary16EngineController7McuFile7RXE1E2021RMcuFileReaderRXE1E2020GetMemoryListCodeRomEv
__ZN18RenesasElectronics9MicomTool15DebuggerLibrary16EngineController7McuFile7RXE1E2021RMcuFileReaderRXE1E2020GetMemoryListDataRomEv
__ZN18RenesasElectronics9MicomTool15DebuggerLibrary16EngineController7McuFile7RXE1E2021RMcuFileReaderRXE1E2020readModeEntryPatternEPKc
__ZN18RenesasElectronics9MicomTool15DebuggerLibrary16EngineController7McuFile7RXE1E2021RMcuFileReaderRXE1E2022GetDebuggerInformationEv
__ZN18RenesasElectronics9MicomTool15DebuggerLibrary16EngineController7McuFile7RXE1E2021RMcuFileReaderRXE1E2022GetFirmwareInformationEv
__ZN18RenesasElectronics9MicomTool15DebuggerLibrary16EngineController7McuFile7RXE1E2021RMcuFileReaderRXE1E2022SupportedOperatingModeE14FFWRXENM_PMODE
__ZN18RenesasElectronics9MicomTool15DebuggerLibrary16EngineController7McuFile7RXE1E2021RMcuFileReaderRXE1E2022SupportedOperatingModeE14FFWRXENM_RMODE
__ZN18RenesasElectronics9MicomTool15DebuggerLibrary16EngineController7McuFile7RXE1E2021RMcuFileReaderRXE1E2023GetMemoryListExternalCsE14FFWRXENM_RMODE
__ZN18RenesasElectronics9MicomTool15DebuggerLibrary16EngineController7McuFile7RXE1E2021RMcuFileReaderRXE1E2023readDebuggerInformationEPKc
__ZN18RenesasElectronics9MicomTool15DebuggerLibrary16EngineController7McuFile7RXE1E2021RMcuFileReaderRXE1E2023readExternalInformationEPKcS7_RNS4_13RTypedPtrList
__ZN18RenesasElectronics9MicomTool15DebuggerLibrary16EngineController7McuFile7RXE1E2021RMcuFileReaderRXE1E2023readFirmwareInformationEPKc
__ZN18RenesasElectronics9MicomTool15DebuggerLibrary16EngineController7McuFile7RXE1E2021RMcuFileReaderRXE1E2023readFlashRomInformationEPKcS7_RNS4_13RTypedPtrList
__ZN18RenesasElectronics9MicomTool15DebuggerLibrary16EngineController7McuFile7RXE1E2021RMcuFileReaderRXE1E2023readMcuGroupInformationEPKc
__ZN18RenesasElectronics9MicomTool15DebuggerLibrary16EngineController7McuFile7RXE1E2021RMcuFileReaderRXE1E2024GetMemoryListExternalExtEv
__ZN18RenesasElectronics9MicomTool15DebuggerLibrary16EngineController7McuFile7RXE1E2021RMcuFileReaderRXE1E2025SetCommunicationInterfaceENS4_23ECommunicationInte
__ZN18RenesasElectronics9MicomTool15DebuggerLibrary16EngineController7McuFile7RXE1E2021RMcuFileReaderRXE1E2026readMcuRegisterInformationEPKc
__ZN18RenesasElectronics9MicomTool15DebuggerLibrary16EngineController7McuFile7RXE1E2021RMcuFileReaderRXE1E2028GetSupportedExternalBusWidthEv
__ZN18RenesasElectronics9MicomTool15DebuggerLibrary16EngineController7McuFile7RXE1E2021RMcuFileReaderRXE1E2029readMcuAddressAreaInformationEPKc
__ZN18RenesasElectronics9MicomTool15DebuggerLibrary16EngineController7McuFile7RXE1E2021RMcuFileReaderRXE1E209getUBCodeENS4_7RStringEPhi
__ZN18RenesasElectronics9MicomTool15DebuggerLibrary16EngineController7McuFile7RXE1E2021RMcuFileReaderRXE1E20C1Ev
__ZN18RenesasElectronics9MicomTool15DebuggerLibrary16EngineController7McuFile7RXE1E2021RMcuFileReaderRXE1E20C2Ev
__ZN18RenesasElectronics9MicomTool15DebuggerLibrary16EngineController7McuFile7RXE1E2021RMcuFileReaderRXE1E20D0Ev
__ZN18RenesasElectronics9MicomTool15DebuggerLibrary16EngineController7McuFile7RXE1E2021RMcuFileReaderRXE1E20D1Ev
__ZN18RenesasElectronics9MicomTool15DebuggerLibrary16EngineController7McuFile7RXE1E2021RMcuFileReaderRXE1E20D2Ev
__ZN18RenesasElectronics9MicomTool15DebuggerLibrary16EngineController7McuFile7RXE1E2025FlashMemoryConfigDataList11ModifyValueENS4_7RStringEj
__ZN18RenesasElectronics9MicomTool15DebuggerLibrary16EngineController7McuFile7RXE1E2025FlashMemoryConfigDataListC1Ev
__ZN18RenesasElectronics9MicomTool15DebuggerLibrary16EngineController7McuFile7RXE1E2025FlashMemoryConfigDataListC2Ev
__ZN18RenesasElectronics9MicomTool15DebuggerLibrary16EngineController7McuFile7RXE1E2025FlashMemoryConfigDataListD0Ev
__ZN18RenesasElectronics9MicomTool15DebuggerLibrary16EngineController7McuFile7RXE1E2025FlashMemoryConfigDataListD1Ev
__ZN18RenesasElectronics9MicomTool15DebuggerLibrary16EngineController7McuFile7RXE1E2025FlashMemoryConfigDataListD2Ev
__ZN18RenesasElectronics9MicomTool15DebuggerLibrary16EngineController7McuFile7RXE1E207RString6FormatEPKcz
__ZN18RenesasElectronics9MicomTool15DebuggerLibrary16EngineController7McuFile7RXE1E207RString7IsEmptyEv
__ZN18RenesasElectronics9MicomTool15DebuggerLibrary16EngineController7McuFile7RXE1E207RString9GetLengthEv
__ZN18RenesasElectronics9MicomTool15DebuggerLibrary16EngineController7McuFile7RXE1E207RStringC1ENSt3__112basic_stringIcNS6_11char_traitsIcEENS6_9allocatorIcEEEE
__ZN18RenesasElectronics9MicomTool15DebuggerLibrary16EngineController7McuFile7RXE1E207RStringC1EPKc
__ZN18RenesasElectronics9MicomTool15DebuggerLibrary16EngineController7McuFile7RXE1E207RStringC1Ev
__ZN18RenesasElectronics9MicomTool15DebuggerLibrary16EngineController7McuFile7RXE1E207RStringC2ENSt3__112basic_stringIcNS6_11char_traitsIcEENS6_9allocatorIcEEEE
__ZN18RenesasElectronics9MicomTool15DebuggerLibrary16EngineController7McuFile7RXE1E207RStringC2EPKc
__ZN18RenesasElectronics9MicomTool15DebuggerLibrary16EngineController7McuFile7RXE1E207RStringC2Ev
__ZN18RenesasElectronics9MicomTool15DebuggerLibrary16EngineController7McuFile7RXE1E207RStringaSEOS5_
__ZN18RenesasElectronics9MicomTool15DebuggerLibrary16EngineController7McuFile7RXE1E207RStringaSEPKc
__ZN18RenesasElectronics9MicomTool15DebuggerLibrary16EngineController7McuFile7RXE1E207RStringaSERKS5_
__ZN18RxTargetDeviceCore10getMcuFileEP25TargetDeviceListManagerRX
__ZN18RxTargetDeviceCore17HandleMCUFileCoreEP25TargetDeviceListManagerRX
__ZN19CFFWEzonInterfaceV2C1EP17CFncCommonMcuFile
__ZN19CFFWEzonInterfaceV2C2EP17CFncCommonMcuFile
__ZN20ADMTargetFFWRxMC_CPUC1EP13ITargetDeviceR14IServerContextR23ConfigurationParametersP15CFncEzonMcuFileP17CFFWEzonInterface
__ZN20ADMTargetFFWRxMC_CPUC2EP13ITargetDeviceR14IServerContextR23ConfigurationParametersP15CFncEzonMcuFileP17CFFWEzonInterface
__ZN20SeggerRxTargetDevice13HandleMCUFileEv
__ZN22E1RxTargetDeviceMC_CPU13HandleMCUFileEv
__ZN23TargetDeviceListEntryRX14getMcuFilePathEv
__ZN23TargetDeviceListEntryRX20getMcuFilesDirectoryEv
__ZN23TargetDeviceListMCEntry14getCoreMcuFileEPKc
__ZN26TargetDeviceListEntryE2ARM10getMcuFileEv
__ZN26TargetDeviceListEntryRISCV10getMcuFileEv
__ZN27TargetDeviceListEntryRCarE210getMcuFileEv
__ZN32TargetDeviceListCoreDetailsEntry10getMcuFileEv
__ZN8CMcuEzon11ConnectEzonEP17CFFWEzonInterfaceP15CFncEzonMcuFile
__ZN8CMcuEzon17InitializeEzonOCDEP17CFFWEzonInterfaceP15CFncEzonMcuFile
__ZN8CMcuEzon29InitializeEzonOCDWithoutTraceEP17CFFWEzonInterfaceP15CFncEzonMcuFile
__ZN8CMcuEzonC1EP15CFncEzonMcuFileR23ConfigurationParameters
__ZN8CMcuEzonC2EP15CFncEzonMcuFileR23ConfigurationParameters
__ZN8CMcuInfo13InitializeOCDEP17CFFWEzonInterfaceP15CFncEzonMcuFile
__ZN8CMcuInfo25InitializeOCDWithoutTraceEP17CFFWEzonInterfaceP15CFncEzonMcuFile
__ZN8CMcuInfo7ConnectEP17CFFWEzonInterfaceP15CFncEzonMcuFile
__ZN9ADMTarget10getMcuFileEv
__ZNK17DeviceInformation10getMCUFileEv
__ZNK18RenesasElectronics21RenesasTrustZoneDebug16RenesasTrustZone25isJsonSupportFileSelectedEv
__ZNK18RenesasElectronics9MicomTool15DebuggerLibrary16EngineController7McuFile7RXE1E207RString11ReverseFindEc
__ZNK18RenesasElectronics9MicomTool15DebuggerLibrary16EngineController7McuFile7RXE1E207RString3MidEii
__ZNK18RenesasElectronics9MicomTool15DebuggerLibrary16EngineController7McuFile7RXE1E207RString4LeftEi
__ZNK18RenesasElectronics9MicomTool15DebuggerLibrary16EngineController7McuFile7RXE1E207RStringcvPKcEv
__ZNK18compareMemoryBlockclERPN18RenesasElectronics9MicomTool15DebuggerLibrary16EngineController7McuFile7RXE1E2012RMemoryBlockES8_
__ZNKSt3__111__move_loopINS_17_ClassicAlgPolicyEEclB8ne180100INS_16reverse_iteratorIPPN15CFncEzonMcuFile12CMemoryBlockEEES9_S9_EENS_4pairIT_T1_EESB_T0_SC_
__ZNSt3__110__list_impIN18RenesasElectronics9MicomTool15DebuggerLibrary16EngineController7McuFile7RXE1E2021FlashMemoryConfigDataENS_9allocatorIS7_EEE13__create_
__ZNSt3__110__list_impIN18RenesasElectronics9MicomTool15DebuggerLibrary16EngineController7McuFile7RXE1E2021FlashMemoryConfigDataENS_9allocatorIS7_EEE13__delete_
__ZNSt3__110__list_impIPN18RenesasElectronics9MicomTool15DebuggerLibrary16EngineController7McuFile7RXE1E2012RMemoryBlockENS_9allocatorIS8_EEE13__create_nodeB8ne
__ZNSt3__110__list_impIPN18RenesasElectronics9MicomTool15DebuggerLibrary16EngineController7McuFile7RXE1E2012RMemoryBlockENS_9allocatorIS8_EEE13__delete_nodeB8ne
__ZNSt3__116allocator_traitsINS_9allocatorINS_11__list_nodeIN18RenesasElectronics9MicomTool15DebuggerLibrary16EngineController7McuFile7RXE1E2021FlashMemoryConfi
__ZNSt3__116allocator_traitsINS_9allocatorINS_11__list_nodeIN18RenesasElectronics9MicomTool15DebuggerLibrary16EngineController7McuFile7RXE1E2021FlashMemoryConfi
__ZNSt3__116allocator_traitsINS_9allocatorINS_11__list_nodeIN18RenesasElectronics9MicomTool15DebuggerLibrary16EngineController7McuFile7RXE1E2021FlashMemoryConfi
__ZNSt3__116allocator_traitsINS_9allocatorINS_11__list_nodeIPN18RenesasElectronics9MicomTool15DebuggerLibrary16EngineController7McuFile7RXE1E2012RMemoryBlockEPv
__ZNSt3__116allocator_traitsINS_9allocatorINS_11__list_nodeIPN18RenesasElectronics9MicomTool15DebuggerLibrary16EngineController7McuFile7RXE1E2012RMemoryBlockEPv
__ZNSt3__116allocator_traitsINS_9allocatorINS_11__list_nodeIPN18RenesasElectronics9MicomTool15DebuggerLibrary16EngineController7McuFile7RXE1E2012RMemoryBlockEPv
__ZNSt3__116allocator_traitsINS_9allocatorIPN15CFncEzonMcuFile12CMemoryBlockEEEE7destroyB8ne180100IS4_vEEvRS5_PT_
__ZNSt3__116allocator_traitsINS_9allocatorIPN15CFncEzonMcuFile12CMemoryBlockEEEE8max_sizeB8ne180100IS5_vEEmRKS5_
__ZNSt3__116allocator_traitsINS_9allocatorIPN15CFncEzonMcuFile12CMemoryBlockEEEE9constructB8ne180100IS4_JS4_EvEEvRS5_PT_DpOT0_
__ZNSt3__14listIPN18RenesasElectronics9MicomTool15DebuggerLibrary16EngineController7McuFile7RXE1E2012RMemoryBlockENS_9allocatorIS8_EEE4sortI18compareMemoryBlock
__ZNSt3__14listIPN18RenesasElectronics9MicomTool15DebuggerLibrary16EngineController7McuFile7RXE1E2012RMemoryBlockENS_9allocatorIS8_EEE6__sortI18compareMemoryBlo
__ZNSt3__16vectorIPN15CFncEzonMcuFile12CMemoryBlockENS_9allocatorIS3_EEE21__push_back_slow_pathIS3_EEPS3_OT_
__ZNSt3__16vectorIPN15CFncEzonMcuFile12CMemoryBlockENS_9allocatorIS3_EEE22__construct_one_at_endB8ne180100IJS3_EEEvDpOT_
__ZNSt3__19allocatorINS_11__list_nodeIN18RenesasElectronics9MicomTool15DebuggerLibrary16EngineController7McuFile7RXE1E2021FlashMemoryConfigDataEPvEEE9constructB
__ZNSt3__19allocatorINS_11__list_nodeIPN18RenesasElectronics9MicomTool15DebuggerLibrary16EngineController7McuFile7RXE1E2012RMemoryBlockEPvEEE9constructB8ne18010
__ZNSt3__19allocatorIPN15CFncEzonMcuFile12CMemoryBlockEE9constructB8ne180100IS3_JS3_EEEvPT_DpOT0_
__ZTI15CFncEzonMcuFile
__ZTI17CFncEzonMcuFileV2
__ZTIN18RenesasElectronics9MicomTool15DebuggerLibrary16EngineController7McuFile7RXE1E2012RMemoryBlockE
__ZTIN18RenesasElectronics9MicomTool15DebuggerLibrary16EngineController7McuFile7RXE1E2014RFlashRomBlockE
__ZTIN18RenesasElectronics9MicomTool15DebuggerLibrary16EngineController7McuFile7RXE1E2019DebuggerInformationE
__ZTIN18RenesasElectronics9MicomTool15DebuggerLibrary16EngineController7McuFile7RXE1E2019FirmwareInformationE
__ZTIN18RenesasElectronics9MicomTool15DebuggerLibrary16EngineController7McuFile7RXE1E2020RExternalMemoryBlockE
__ZTIN18RenesasElectronics9MicomTool15DebuggerLibrary16EngineController7McuFile7RXE1E2021RMcuFileReaderRXE1E20E
__ZTIN18RenesasElectronics9MicomTool15DebuggerLibrary16EngineController7McuFile7RXE1E2025FlashMemoryConfigDataListE
__ZTS15CFncEzonMcuFile
__ZTS17CFncEzonMcuFileV2
__ZTSN18RenesasElectronics9MicomTool15DebuggerLibrary16EngineController7McuFile7RXE1E2012RMemoryBlockE
__ZTSN18RenesasElectronics9MicomTool15DebuggerLibrary16EngineController7McuFile7RXE1E2014RFlashRomBlockE
__ZTSN18RenesasElectronics9MicomTool15DebuggerLibrary16EngineController7McuFile7RXE1E2019DebuggerInformationE
__ZTSN18RenesasElectronics9MicomTool15DebuggerLibrary16EngineController7McuFile7RXE1E2019FirmwareInformationE
__ZTSN18RenesasElectronics9MicomTool15DebuggerLibrary16EngineController7McuFile7RXE1E2020RExternalMemoryBlockE
__ZTSN18RenesasElectronics9MicomTool15DebuggerLibrary16EngineController7McuFile7RXE1E2021RMcuFileReaderRXE1E20E
__ZTSN18RenesasElectronics9MicomTool15DebuggerLibrary16EngineController7McuFile7RXE1E2025FlashMemoryConfigDataListE
__ZTV15CFncEzonMcuFile
__ZTV17CFncEzonMcuFileV2
__ZTVN18RenesasElectronics9MicomTool15DebuggerLibrary16EngineController7McuFile7RXE1E2012RMemoryBlockE
__ZTVN18RenesasElectronics9MicomTool15DebuggerLibrary16EngineController7McuFile7RXE1E2014RFlashRomBlockE
__ZTVN18RenesasElectronics9MicomTool15DebuggerLibrary16EngineController7McuFile7RXE1E2019DebuggerInformationE
__ZTVN18RenesasElectronics9MicomTool15DebuggerLibrary16EngineController7McuFile7RXE1E2019FirmwareInformationE
__ZTVN18RenesasElectronics9MicomTool15DebuggerLibrary16EngineController7McuFile7RXE1E2020RExternalMemoryBlockE
__ZTVN18RenesasElectronics9MicomTool15DebuggerLibrary16EngineController7McuFile7RXE1E2021RMcuFileReaderRXE1E20E
__ZTVN18RenesasElectronics9MicomTool15DebuggerLibrary16EngineController7McuFile7RXE1E2025FlashMemoryConfigDataListE
__ZN17CFncCommonMcuFileC2Ev
__ZNSt3__16vectorIPN15CFncEzonMcuFile12CMemoryBlockENS_9allocatorIS3_EEEC1B8ne180100Ev
__ZNSt3__16vectorIPN15CFncEzonMcuFile12CMemoryBlockENS_9allocatorIS3_EEED1B8ne180100Ev
__ZN17CFncCommonMcuFileD2Ev
__ZNSt3__16vectorIPN15CFncEzonMcuFile12CMemoryBlockENS_9allocatorIS3_EEE5beginB8ne180100Ev
__ZNSt3__1neB8ne180100IPPN15CFncEzonMcuFile12CMemoryBlockEEEbRKNS_11__wrap_iterIT_EES9_
__ZNSt3__16vectorIPN15CFncEzonMcuFile12CMemoryBlockENS_9allocatorIS3_EEE3endB8ne180100Ev
__ZNKSt3__111__wrap_iterIPPN15CFncEzonMcuFile12CMemoryBlockEEdeB8ne180100Ev
__ZNSt3__111__wrap_iterIPPN15CFncEzonMcuFile12CMemoryBlockEEppB8ne180100Ev
__ZNSt3__16vectorIPN15CFncEzonMcuFile12CMemoryBlockENS_9allocatorIS3_EEE5clearB8ne180100Ev
__ZN15CFncEzonMcuFile9CSfrBlockC1Ev
__ZNSt3__16vectorIPN15CFncEzonMcuFile12CMemoryBlockENS_9allocatorIS3_EEE9push_backB8ne180100EOS3_
__ZN15CFncEzonMcuFile14CFlashRomBlockC1Ev
__ZN15CFncEzonMcuFile9CRamBlockC1Ev
__ZN15CFncEzonMcuFile12CExtMemBlockC1Ev
__ZNKSt3__16vectorIPN15CFncEzonMcuFile12CMemoryBlockENS_9allocatorIS3_EEE4sizeB8ne180100Ev
__ZN17CFncCommonMcuFile9TerminateEv
__ZN15CFncEzonMcuFile18GetUsbTransferSizeEv
__ZN15CFncEzonMcuFile14GetFfwFileNameEv
__ZN15CFncEzonMcuFile17GetE20BfwFileNameEv
__ZN15CFncEzonMcuFile16GetE1BfwFileNameEv
__ZN15CFncEzonMcuFile16GetTargetCpuCodeEv
__ZN15CFncEzonMcuFile19GetTargetCpuSubCodeEv
__ZN15CFncEzonMcuFile18GetE20DcsfFileNameEv
__ZN15CFncEzonMcuFile17GetE20DcsfVersionEv
__ZN15CFncEzonMcuFile17GetE1DcsfFileNameEv
__ZN15CFncEzonMcuFile16GetE1DcsfVersionEv
__ZN15CFncEzonMcuFile17GetDebugInterfaceEv
__ZN15CFncEzonMcuFile20GetBfwVersionAddressEv
__ZN15CFncEzonMcuFile26GetBfwLevel0VersionAddressEv
__ZN15CFncEzonMcuFile27GetBfwSupportVersionAddressEv
__ZN15CFncEzonMcuFile21GetBfwMagicKeyAddressEv
__ZN15CFncEzonMcuFile13GetFfwTimeOutEv
__ZN15CFncEzonMcuFile13GetBfwTimeOutEv
__ZN15CFncEzonMcuFile15GetEzBfwVersionEv
__ZN15CFncEzonMcuFile13GetIoFileNameEv
__ZN15CFncEzonMcuFile13EnableHotPlugEv
__ZN15CFncEzonMcuFile19EnablePowerSupply33Ev
__ZN15CFncEzonMcuFile19EnablePowerSupply50Ev
__ZN17CFncCommonMcuFile20EnableE20PowerSupplyEv
__ZN15CFncEzonMcuFile11EnableTraceEv
__ZN15CFncEzonMcuFile16HasExternalTraceEv
__ZN15CFncEzonMcuFile20EnableTraceTimeStampEv
__ZN15CFncEzonMcuFile16GetTimeStampMaskEv
__ZN15CFncEzonMcuFile21GetTraceDisasmMaxLineEv
__ZN15CFncEzonMcuFile28GetTraceBcndSrcAddressMaxCycEv
__ZN15CFncEzonMcuFile24GetTraceBcnSrcSearchTimeEv
__ZN15CFncEzonMcuFile34GetTraceBcnSrcSearchDialogWaitTimeEv
__ZN15CFncEzonMcuFile22EnableWindowTraceRangeEv
__ZN15CFncEzonMcuFile21SoftwareBreakMaxCountEv
__ZN15CFncEzonMcuFile21GetRefreshIntervalMinEv
__ZN15CFncEzonMcuFile21GetRefreshIntervalMaxEv
__ZN15CFncEzonMcuFile25GetRefreshIntervalDefaultEv
__ZN15CFncEzonMcuFile23GetRunningCheckIntervalEv
__ZN15CFncEzonMcuFile22GetStatusCheckIntervalEv
__ZN15CFncEzonMcuFile10NeedsEXTALEv
__ZN15CFncEzonMcuFile14GetSciCtrlDataEv
__ZN15CFncEzonMcuFile15EnablePassCountEv
__ZN15CFncEzonMcuFile13EnableOARangeEv
__ZN17CFncCommonMcuFileD1Ev
__ZN17CFncCommonMcuFileD0Ev
__ZN17CFncCommonMcuFile13EnableHotPlugEv
__ZN17CFncCommonMcuFile19EnablePowerSupply33Ev
__ZN17CFncCommonMcuFile19EnablePowerSupply50Ev
__ZN17CFncCommonMcuFile11EnableTraceEv
__ZN17CFncCommonMcuFile16HasExternalTraceEv
__ZN17CFncCommonMcuFile20EnableTraceTimeStampEv
__ZN17CFncCommonMcuFile16GetTimeStampMaskEv
__ZN17CFncCommonMcuFile21GetTraceDisasmMaxLineEv
__ZN17CFncCommonMcuFile28GetTraceBcndSrcAddressMaxCycEv
__ZN17CFncCommonMcuFile24GetTraceBcnSrcSearchTimeEv
__ZN17CFncCommonMcuFile34GetTraceBcnSrcSearchDialogWaitTimeEv
__ZN17CFncCommonMcuFile22EnableWindowTraceRangeEv
__ZN17CFncCommonMcuFile21SoftwareBreakMaxCountEv
__ZN17CFncCommonMcuFile21GetRefreshIntervalMinEv
__ZN17CFncCommonMcuFile21GetRefreshIntervalMaxEv
__ZN17CFncCommonMcuFile25GetRefreshIntervalDefaultEv
__ZN17CFncCommonMcuFile23GetRunningCheckIntervalEv
__ZN17CFncCommonMcuFile22GetStatusCheckIntervalEv
__ZNSt3__1eqB8ne180100IPPN15CFncEzonMcuFile12CMemoryBlockEEEbRKNS_11__wrap_iterIT_EES9_
__ZNKSt3__111__wrap_iterIPPN15CFncEzonMcuFile12CMemoryBlockEE4baseB8ne180100Ev
__ZN15CFncEzonMcuFile9CSfrBlockC2Ev
__ZN15CFncEzonMcuFile12CMemoryBlockC2Ev
__ZN15CFncEzonMcuFile9CSfrBlockD1Ev
__ZN15CFncEzonMcuFile9CSfrBlockD0Ev
__ZN15CFncEzonMcuFile12CMemoryBlockD1Ev
__ZN15CFncEzonMcuFile12CMemoryBlockD0Ev
__ZN15CFncEzonMcuFile12CMemoryBlockD2Ev
__ZN15CFncEzonMcuFile9CSfrBlockD2Ev
__ZN15CFncEzonMcuFile14CFlashRomBlockC2Ev
__ZN15CFncEzonMcuFile14CFlashRomBlockD1Ev
__ZN15CFncEzonMcuFile14CFlashRomBlockD0Ev
__ZN15CFncEzonMcuFile14CFlashRomBlock12SetBlockInfoEjii
__ZN15CFncEzonMcuFile14CFlashRomBlockD2Ev
__ZN15CFncEzonMcuFile9CRamBlockC2Ev
__ZN15CFncEzonMcuFile9CRamBlockD1Ev
__ZN15CFncEzonMcuFile9CRamBlockD0Ev
__ZN15CFncEzonMcuFile9CRamBlockD2Ev
__ZN15CFncEzonMcuFile12CExtMemBlockC2Ev
__ZN15CFncEzonMcuFile12CExtMemBlockD1Ev
__ZN15CFncEzonMcuFile12CExtMemBlockD0Ev
__ZN15CFncEzonMcuFile12CExtMemBlockD2Ev
__ZNSt3__16vectorIPN15CFncEzonMcuFile12CMemoryBlockENS_9allocatorIS3_EEEC2B8ne180100Ev
__ZNSt3__117__compressed_pairIPPN15CFncEzonMcuFile12CMemoryBlockENS_9allocatorIS3_EEEC1B8ne180100IDnNS_18__default_init_tagEEEOT_OT0_
__ZNSt3__117__compressed_pairIPPN15CFncEzonMcuFile12CMemoryBlockENS_9allocatorIS3_EEEC2B8ne180100IDnNS_18__default_init_tagEEEOT_OT0_
__ZNSt3__122__compressed_pair_elemIPPN15CFncEzonMcuFile12CMemoryBlockELi0ELb0EEC2B8ne180100IDnvEEOT_
__ZNSt3__122__compressed_pair_elemINS_9allocatorIPN15CFncEzonMcuFile12CMemoryBlockEEELi1ELb1EEC2B8ne180100ENS_18__default_init_tagE
__ZNSt3__19allocatorIPN15CFncEzonMcuFile12CMemoryBlockEEC2B8ne180100Ev
__ZNSt3__116__non_trivial_ifILb1ENS_9allocatorIPN15CFncEzonMcuFile12CMemoryBlockEEEEC2B8ne180100Ev
__ZNSt3__16vectorIPN15CFncEzonMcuFile12CMemoryBlockENS_9allocatorIS3_EEED2B8ne180100Ev
__ZNSt3__16vectorIPN15CFncEzonMcuFile12CMemoryBlockENS_9allocatorIS3_EEE16__destroy_vectorC1B8ne180100ERS6_
__ZNSt3__16vectorIPN15CFncEzonMcuFile12CMemoryBlockENS_9allocatorIS3_EEE16__destroy_vectorclB8ne180100Ev
__ZNSt3__16vectorIPN15CFncEzonMcuFile12CMemoryBlockENS_9allocatorIS3_EEE16__destroy_vectorC2B8ne180100ERS6_
__ZNSt3__16vectorIPN15CFncEzonMcuFile12CMemoryBlockENS_9allocatorIS3_EEE7__clearB8ne180100Ev
__ZNKSt3__16vectorIPN15CFncEzonMcuFile12CMemoryBlockENS_9allocatorIS3_EEE17__annotate_deleteB8ne180100Ev
__ZNSt3__116allocator_traitsINS_9allocatorIPN15CFncEzonMcuFile12CMemoryBlockEEEE10deallocateB8ne180100ERS5_PS4_m
__ZNSt3__16vectorIPN15CFncEzonMcuFile12CMemoryBlockENS_9allocatorIS3_EEE7__allocB8ne180100Ev
__ZNKSt3__16vectorIPN15CFncEzonMcuFile12CMemoryBlockENS_9allocatorIS3_EEE8capacityB8ne180100Ev
__ZNSt3__16vectorIPN15CFncEzonMcuFile12CMemoryBlockENS_9allocatorIS3_EEE22__base_destruct_at_endB8ne180100EPS3_
__ZNSt3__112__to_addressB8ne180100IPN15CFncEzonMcuFile12CMemoryBlockEEEPT_S5_
__ZNSt3__19allocatorIPN15CFncEzonMcuFile12CMemoryBlockEE7destroyB8ne180100EPS3_
__ZNSt3__19allocatorIPN15CFncEzonMcuFile12CMemoryBlockEE10deallocateB8ne180100EPS3_m
__ZNSt3__117__compressed_pairIPPN15CFncEzonMcuFile12CMemoryBlockENS_9allocatorIS3_EEE6secondB8ne180100Ev
__ZNSt3__122__compressed_pair_elemINS_9allocatorIPN15CFncEzonMcuFile12CMemoryBlockEEELi1ELb1EE5__getB8ne180100Ev
__ZNKSt3__16vectorIPN15CFncEzonMcuFile12CMemoryBlockENS_9allocatorIS3_EEE9__end_capB8ne180100Ev
__ZNKSt3__117__compressed_pairIPPN15CFncEzonMcuFile12CMemoryBlockENS_9allocatorIS3_EEE5firstB8ne180100Ev
__ZNKSt3__122__compressed_pair_elemIPPN15CFncEzonMcuFile12CMemoryBlockELi0ELb0EE5__getB8ne180100Ev
__ZNSt3__16vectorIPN15CFncEzonMcuFile12CMemoryBlockENS_9allocatorIS3_EEE11__make_iterB8ne180100EPS3_
__ZNSt3__111__wrap_iterIPPN15CFncEzonMcuFile12CMemoryBlockEEC1B8ne180100ES4_
__ZNSt3__111__wrap_iterIPPN15CFncEzonMcuFile12CMemoryBlockEEC2B8ne180100ES4_
__ZNKSt3__16vectorIPN15CFncEzonMcuFile12CMemoryBlockENS_9allocatorIS3_EEE17__annotate_shrinkB8ne180100Em
__ZNSt3__16vectorIPN15CFncEzonMcuFile12CMemoryBlockENS_9allocatorIS3_EEE9__end_capB8ne180100Ev
__ZNSt3__117__compressed_pairIPPN15CFncEzonMcuFile12CMemoryBlockENS_9allocatorIS3_EEE5firstB8ne180100Ev
__ZNSt3__122__compressed_pair_elemIPPN15CFncEzonMcuFile12CMemoryBlockELi0ELb0EE5__getB8ne180100Ev
__ZNSt3__16vectorIPN15CFncEzonMcuFile12CMemoryBlockENS_9allocatorIS3_EEE21_ConstructTransactionC1B8ne180100ERS6_m
__ZNSt3__16vectorIPN15CFncEzonMcuFile12CMemoryBlockENS_9allocatorIS3_EEE21_ConstructTransactionD1B8ne180100Ev
__ZNSt3__16vectorIPN15CFncEzonMcuFile12CMemoryBlockENS_9allocatorIS3_EEE21_ConstructTransactionC2B8ne180100ERS6_m
__ZNSt3__16vectorIPN15CFncEzonMcuFile12CMemoryBlockENS_9allocatorIS3_EEE21_ConstructTransactionD2B8ne180100Ev
__ZNKSt3__16vectorIPN15CFncEzonMcuFile12CMemoryBlockENS_9allocatorIS3_EEE11__recommendB8ne180100Em
__ZNSt3__114__split_bufferIPN15CFncEzonMcuFile12CMemoryBlockERNS_9allocatorIS3_EEEC1EmmS6_
__ZNSt3__16vectorIPN15CFncEzonMcuFile12CMemoryBlockENS_9allocatorIS3_EEE26__swap_out_circular_bufferERNS_14__split_bufferIS3_RS5_EE
__ZNSt3__114__split_bufferIPN15CFncEzonMcuFile12CMemoryBlockERNS_9allocatorIS3_EEED1Ev
__ZNKSt3__16vectorIPN15CFncEzonMcuFile12CMemoryBlockENS_9allocatorIS3_EEE8max_sizeEv
__ZNKSt3__16vectorIPN15CFncEzonMcuFile12CMemoryBlockENS_9allocatorIS3_EEE20__throw_length_errorB8ne180100Ev
__ZNKSt3__16vectorIPN15CFncEzonMcuFile12CMemoryBlockENS_9allocatorIS3_EEE7__allocB8ne180100Ev
__ZNKSt3__19allocatorIPN15CFncEzonMcuFile12CMemoryBlockEE8max_sizeB8ne180100Ev
__ZNKSt3__117__compressed_pairIPPN15CFncEzonMcuFile12CMemoryBlockENS_9allocatorIS3_EEE6secondB8ne180100Ev
__ZNKSt3__122__compressed_pair_elemINS_9allocatorIPN15CFncEzonMcuFile12CMemoryBlockEEELi1ELb1EE5__getB8ne180100Ev
__ZNSt3__114__split_bufferIPN15CFncEzonMcuFile12CMemoryBlockERNS_9allocatorIS3_EEEC2EmmS6_
__ZNSt3__117__compressed_pairIPPN15CFncEzonMcuFile12CMemoryBlockERNS_9allocatorIS3_EEEC1B8ne180100IDnS7_EEOT_OT0_
__ZNSt3__119__allocate_at_leastB8ne180100INS_9allocatorIPN15CFncEzonMcuFile12CMemoryBlockEEEEENS_19__allocation_resultINS_16allocator_traitsIT_E7pointerEEERS8_m
__ZNSt3__114__split_bufferIPN15CFncEzonMcuFile12CMemoryBlockERNS_9allocatorIS3_EEE7__allocB8ne180100Ev
__ZNSt3__114__split_bufferIPN15CFncEzonMcuFile12CMemoryBlockERNS_9allocatorIS3_EEE9__end_capB8ne180100Ev
__ZNSt3__117__compressed_pairIPPN15CFncEzonMcuFile12CMemoryBlockERNS_9allocatorIS3_EEEC2B8ne180100IDnS7_EEOT_OT0_
__ZNSt3__122__compressed_pair_elemIRNS_9allocatorIPN15CFncEzonMcuFile12CMemoryBlockEEELi1ELb0EEC2B8ne180100IS6_vEEOT_
__ZNSt3__19allocatorIPN15CFncEzonMcuFile12CMemoryBlockEE8allocateB8ne180100Em
__ZNSt3__117__compressed_pairIPPN15CFncEzonMcuFile12CMemoryBlockERNS_9allocatorIS3_EEE6secondB8ne180100Ev
__ZNSt3__122__compressed_pair_elemIRNS_9allocatorIPN15CFncEzonMcuFile12CMemoryBlockEEELi1ELb0EE5__getB8ne180100Ev
__ZNSt3__117__compressed_pairIPPN15CFncEzonMcuFile12CMemoryBlockERNS_9allocatorIS3_EEE5firstB8ne180100Ev
__ZNSt3__142__uninitialized_allocator_move_if_noexceptB8ne180100INS_9allocatorIPN15CFncEzonMcuFile12CMemoryBlockEEENS_16reverse_iteratorIPS4_EES8_S4_vEET1_RT_T0
__ZNSt3__116reverse_iteratorIPPN15CFncEzonMcuFile12CMemoryBlockEEC1B8ne180100ES4_
__ZNKSt3__116reverse_iteratorIPPN15CFncEzonMcuFile12CMemoryBlockEE4baseB8ne180100Ev
__ZNSt3__14swapB8ne180100IPPN15CFncEzonMcuFile12CMemoryBlockEEENS_9enable_ifIXaasr21is_move_constructibleIT_EE5valuesr18is_move_assignableIS6_EE5valueEvE4typeER
__ZNKSt3__16vectorIPN15CFncEzonMcuFile12CMemoryBlockENS_9allocatorIS3_EEE14__annotate_newB8ne180100Em
__ZNSt3__14moveB8ne180100INS_16reverse_iteratorIPPN15CFncEzonMcuFile12CMemoryBlockEEES6_EET0_T_S8_S7_
__ZNSt3__16__moveB8ne180100INS_17_ClassicAlgPolicyENS_16reverse_iteratorIPPN15CFncEzonMcuFile12CMemoryBlockEEES7_S7_EENS_4pairIT0_T2_EES9_T1_SA_
__ZNSt3__123__dispatch_copy_or_moveB8ne180100INS_17_ClassicAlgPolicyENS_11__move_loopIS1_EENS_14__move_trivialENS_16reverse_iteratorIPPN15CFncEzonMcuFile12CMemo
__ZNSt3__114__unwrap_rangeB8ne180100INS_16reverse_iteratorIPPN15CFncEzonMcuFile12CMemoryBlockEEES6_EENS_4pairIT0_S8_EET_SA_
__ZNSt3__113__unwrap_iterB8ne180100INS_16reverse_iteratorIPPN15CFncEzonMcuFile12CMemoryBlockEEENS_18__unwrap_iter_implIS6_Lb0EEELi0EEEDTclsrT0_8__unwrapclsr3std
__ZNSt3__19make_pairB8ne180100INS_16reverse_iteratorIPPN15CFncEzonMcuFile12CMemoryBlockEEES6_EENS_4pairINS_18__unwrap_ref_decayIT_E4typeENS8_IT0_E4typeEEEOS9_OS
__ZNSt3__114__rewrap_rangeB8ne180100INS_16reverse_iteratorIPPN15CFncEzonMcuFile12CMemoryBlockEEES6_EET_S7_T0_
__ZNSt3__113__rewrap_iterB8ne180100INS_16reverse_iteratorIPPN15CFncEzonMcuFile12CMemoryBlockEEES6_NS_18__unwrap_iter_implIS6_Lb0EEEEET_S9_T0_
__ZNSt3__1neB8ne180100IPPN15CFncEzonMcuFile12CMemoryBlockES4_EEbRKNS_16reverse_iteratorIT_EERKNS5_IT0_EE
__ZNSt3__18_IterOpsINS_17_ClassicAlgPolicyEE11__iter_moveB8ne180100IRNS_16reverse_iteratorIPPN15CFncEzonMcuFile12CMemoryBlockEEELi0EEEDTclsr3stdE4movedeclsr3std
__ZNKSt3__116reverse_iteratorIPPN15CFncEzonMcuFile12CMemoryBlockEEdeB8ne180100Ev
__ZNSt3__116reverse_iteratorIPPN15CFncEzonMcuFile12CMemoryBlockEEppB8ne180100Ev
__ZNSt3__18_IterOpsINS_17_ClassicAlgPolicyEE25__validate_iter_referenceB8ne180100IRNS_16reverse_iteratorIPPN15CFncEzonMcuFile12CMemoryBlockEEEEEvv
__ZNSt3__118__unwrap_iter_implINS_16reverse_iteratorIPPN15CFncEzonMcuFile12CMemoryBlockEEELb0EE8__unwrapB8ne180100ES6_
__ZNSt3__14pairINS_16reverse_iteratorIPPN15CFncEzonMcuFile12CMemoryBlockEEES6_EC1B8ne180100IS6_S6_Li0EEEOT_OT0_
__ZNSt3__14pairINS_16reverse_iteratorIPPN15CFncEzonMcuFile12CMemoryBlockEEES6_EC2B8ne180100IS6_S6_Li0EEEOT_OT0_
__ZNSt3__118__unwrap_iter_implINS_16reverse_iteratorIPPN15CFncEzonMcuFile12CMemoryBlockEEELb0EE8__rewrapB8ne180100ES6_S6_
__ZNSt3__116reverse_iteratorIPPN15CFncEzonMcuFile12CMemoryBlockEEC2B8ne180100ES4_
__ZNSt3__114__split_bufferIPN15CFncEzonMcuFile12CMemoryBlockERNS_9allocatorIS3_EEED2Ev
__ZNSt3__114__split_bufferIPN15CFncEzonMcuFile12CMemoryBlockERNS_9allocatorIS3_EEE5clearB8ne180100Ev
__ZNKSt3__114__split_bufferIPN15CFncEzonMcuFile12CMemoryBlockERNS_9allocatorIS3_EEE8capacityB8ne180100Ev
__ZNSt3__114__split_bufferIPN15CFncEzonMcuFile12CMemoryBlockERNS_9allocatorIS3_EEE17__destruct_at_endB8ne180100EPS3_
__ZNSt3__114__split_bufferIPN15CFncEzonMcuFile12CMemoryBlockERNS_9allocatorIS3_EEE17__destruct_at_endB8ne180100EPS3_NS_17integral_constantIbLb0EEE
__ZNKSt3__114__split_bufferIPN15CFncEzonMcuFile12CMemoryBlockERNS_9allocatorIS3_EEE9__end_capB8ne180100Ev
__ZNKSt3__117__compressed_pairIPPN15CFncEzonMcuFile12CMemoryBlockERNS_9allocatorIS3_EEE5firstB8ne180100Ev
__GLOBAL__sub_I_FncEzonMcuFile.cpp
__ZN17CFncEzonMcuFileV2D1Ev
__ZN17CFncEzonMcuFileV2D0Ev
__ZN17CFncEzonMcuFileV2D2Ev
__ZNKSt3__14listIPN18RenesasElectronics9MicomTool15DebuggerLibrary16EngineController7McuFile7RXE1E2012RMemoryBlockENS_9allocatorIS8_EEE4sizeB8ne180100Ev
__ZNSt3__14listIPN18RenesasElectronics9MicomTool15DebuggerLibrary16EngineController7McuFile7RXE1E2012RMemoryBlockENS_9allocatorIS8_EEE5beginB8ne180100Ev
__ZNKSt3__110__list_impIPN18RenesasElectronics9MicomTool15DebuggerLibrary16EngineController7McuFile7RXE1E2012RMemoryBlockENS_9allocatorIS8_EEE4__szB8ne180100Ev
__ZNKSt3__117__compressed_pairImNS_9allocatorINS_11__list_nodeIPN18RenesasElectronics9MicomTool15DebuggerLibrary16EngineController7McuFile7RXE1E2012RMemoryBlock
__ZNSt3__110__list_impIPN18RenesasElectronics9MicomTool15DebuggerLibrary16EngineController7McuFile7RXE1E2012RMemoryBlockENS_9allocatorIS8_EEE5beginB8ne180100Ev
__ZNSt3__115__list_iteratorIPN18RenesasElectronics9MicomTool15DebuggerLibrary16EngineController7McuFile7RXE1E2012RMemoryBlockEPvEC1B8ne180100EPNS_16__list_node_
__ZNSt3__115__list_iteratorIPN18RenesasElectronics9MicomTool15DebuggerLibrary16EngineController7McuFile7RXE1E2012RMemoryBlockEPvEC2B8ne180100EPNS_16__list_node_
__ZNSt3__14listIPN18RenesasElectronics9MicomTool15DebuggerLibrary16EngineController7McuFile7RXE1E2012RMemoryBlockENS_9allocatorIS8_EEE3endB8ne180100Ev
__ZNKSt3__115__list_iteratorIPN18RenesasElectronics9MicomTool15DebuggerLibrary16EngineController7McuFile7RXE1E2012RMemoryBlockEPvEdeB8ne180100Ev
__ZNSt3__115__list_iteratorIPN18RenesasElectronics9MicomTool15DebuggerLibrary16EngineController7McuFile7RXE1E2012RMemoryBlockEPvEppB8ne180100Ei
__ZNSt3__1eqB8ne180100ERKNS_15__list_iteratorIPN18RenesasElectronics9MicomTool15DebuggerLibrary16EngineController7McuFile7RXE1E2012RMemoryBlockEPvEESC_
__ZNSt3__110__list_impIPN18RenesasElectronics9MicomTool15DebuggerLibrary16EngineController7McuFile7RXE1E2012RMemoryBlockENS_9allocatorIS8_EEE3endB8ne180100Ev
__ZNKSt3__110__list_impIPN18RenesasElectronics9MicomTool15DebuggerLibrary16EngineController7McuFile7RXE1E2012RMemoryBlockENS_9allocatorIS8_EEE13__end_as_linkB8n
__ZNSt3__126__list_node_pointer_traitsIPN18RenesasElectronics9MicomTool15DebuggerLibrary16EngineController7McuFile7RXE1E2012RMemoryBlockEPvE26__unsafe_link_poin
__ZNSt3__116__list_node_baseIPN18RenesasElectronics9MicomTool15DebuggerLibrary16EngineController7McuFile7RXE1E2012RMemoryBlockEPvE6__selfB8ne180100Ev
__ZNSt3__114pointer_traitsIPNS_16__list_node_baseIPN18RenesasElectronics9MicomTool15DebuggerLibrary16EngineController7McuFile7RXE1E2012RMemoryBlockEPvEEE10point
__ZNSt3__116__list_node_baseIPN18RenesasElectronics9MicomTool15DebuggerLibrary16EngineController7McuFile7RXE1E2012RMemoryBlockEPvE9__as_nodeB8ne180100Ev
__ZNSt3__111__list_nodeIPN18RenesasElectronics9MicomTool15DebuggerLibrary16EngineController7McuFile7RXE1E2012RMemoryBlockEPvE11__get_valueB8ne180100Ev
__ZNSt3__115__list_iteratorIPN18RenesasElectronics9MicomTool15DebuggerLibrary16EngineController7McuFile7RXE1E2012RMemoryBlockEPvEppB8ne180100Ev
__GLOBAL__sub_I_FncEzonMcuFileV2.cpp
__ZNSt3__14listIN18RenesasElectronics9MicomTool15DebuggerLibrary16EngineController7McuFile7RXE1E2021FlashMemoryConfigDataENS_9allocatorIS7_EEEC2B8ne180100Ev
__ZNSt3__14listIN18RenesasElectronics9MicomTool15DebuggerLibrary16EngineController7McuFile7RXE1E2021FlashMemoryConfigDataENS_9allocatorIS7_EEED2Ev
__ZNSt3__115__list_iteratorIN18RenesasElectronics9MicomTool15DebuggerLibrary16EngineController7McuFile7RXE1E2021FlashMemoryConfigDataEPvEC1B8ne180100Ev
__ZNSt3__14listIN18RenesasElectronics9MicomTool15DebuggerLibrary16EngineController7McuFile7RXE1E2021FlashMemoryConfigDataENS_9allocatorIS7_EEE5beginB8ne180100Ev
__ZNSt3__1neB8ne180100ERKNS_15__list_iteratorIN18RenesasElectronics9MicomTool15DebuggerLibrary16EngineController7McuFile7RXE1E2021FlashMemoryConfigDataEPvEESB_
__ZNSt3__14listIN18RenesasElectronics9MicomTool15DebuggerLibrary16EngineController7McuFile7RXE1E2021FlashMemoryConfigDataENS_9allocatorIS7_EEE3endB8ne180100Ev
__ZNKSt3__115__list_iteratorIN18RenesasElectronics9MicomTool15DebuggerLibrary16EngineController7McuFile7RXE1E2021FlashMemoryConfigDataEPvEdeB8ne180100Ev
__ZNSt3__115__list_iteratorIN18RenesasElectronics9MicomTool15DebuggerLibrary16EngineController7McuFile7RXE1E2021FlashMemoryConfigDataEPvEppB8ne180100Ei
__ZN18RenesasElectronics9MicomTool15DebuggerLibrary16EngineController7McuFile7RXE1E207RStringD1Ev
__ZNSt3__14listIN18RenesasElectronics9MicomTool15DebuggerLibrary16EngineController7McuFile7RXE1E2021FlashMemoryConfigDataENS_9allocatorIS7_EEE5clearB8ne180100Ev
__ZN18RenesasElectronics9MicomTool15DebuggerLibrary16EngineController7McuFile7RXE1E2013RTypedPtrListINS4_8CPtrListEPNS4_12RMemoryBlockEEC1Ev
__ZN18RenesasElectronics9MicomTool15DebuggerLibrary16EngineController7McuFile7RXE1E2013RTypedPtrListINS4_8CPtrListEPNS4_12RMemoryBlockEED1Ev
__ZNKSt3__14listIN18RenesasElectronics9MicomTool15DebuggerLibrary16EngineController7McuFile7RXE1E2021FlashMemoryConfigDataENS_9allocatorIS7_EEE4sizeB8ne180100Ev
__ZN18RenesasElectronics9MicomTool15DebuggerLibrary16EngineController7McuFile7RXE1E207RStringC1ERKS5_
__ZN18RenesasElectronics9MicomTool15DebuggerLibrary16EngineController7McuFile7RXE1E2021FlashMemoryConfigDataC1Ev
__ZNSt3__14listIN18RenesasElectronics9MicomTool15DebuggerLibrary16EngineController7McuFile7RXE1E2021FlashMemoryConfigDataENS_9allocatorIS7_EEE9push_backERKS7_
__ZN18RenesasElectronics9MicomTool15DebuggerLibrary16EngineController7McuFile7RXE1E2021FlashMemoryConfigDataD1Ev
__ZN18RenesasElectronics9MicomTool15DebuggerLibrary16EngineController7McuFile7RXE1E207RStringC1EOS5_
__ZNSt3__110__list_impIN18RenesasElectronics9MicomTool15DebuggerLibrary16EngineController7McuFile7RXE1E2021FlashMemoryConfigDataENS_9allocatorIS7_EEED2Ev
__ZNSt3__110__list_impIN18RenesasElectronics9MicomTool15DebuggerLibrary16EngineController7McuFile7RXE1E2021FlashMemoryConfigDataENS_9allocatorIS7_EEE5clearEv
__ZNKSt3__110__list_impIN18RenesasElectronics9MicomTool15DebuggerLibrary16EngineController7McuFile7RXE1E2021FlashMemoryConfigDataENS_9allocatorIS7_EEE5emptyB8ne
__ZNKSt3__110__list_impIN18RenesasElectronics9MicomTool15DebuggerLibrary16EngineController7McuFile7RXE1E2021FlashMemoryConfigDataENS_9allocatorIS7_EEE13__end_as
__ZNSt3__110__list_impIN18RenesasElectronics9MicomTool15DebuggerLibrary16EngineController7McuFile7RXE1E2021FlashMemoryConfigDataENS_9allocatorIS7_EEE14__unlink_
__ZNSt3__110__list_impIN18RenesasElectronics9MicomTool15DebuggerLibrary16EngineController7McuFile7RXE1E2021FlashMemoryConfigDataENS_9allocatorIS7_EEE4__szB8ne18
__ZNSt3__116__list_node_baseIN18RenesasElectronics9MicomTool15DebuggerLibrary16EngineController7McuFile7RXE1E2021FlashMemoryConfigDataEPvE9__as_nodeB8ne180100Ev
__ZNKSt3__110__list_impIN18RenesasElectronics9MicomTool15DebuggerLibrary16EngineController7McuFile7RXE1E2021FlashMemoryConfigDataENS_9allocatorIS7_EEE4__szB8ne1
__ZNKSt3__117__compressed_pairImNS_9allocatorINS_11__list_nodeIN18RenesasElectronics9MicomTool15DebuggerLibrary16EngineController7McuFile7RXE1E2021FlashMemoryCo
__ZNSt3__126__list_node_pointer_traitsIN18RenesasElectronics9MicomTool15DebuggerLibrary16EngineController7McuFile7RXE1E2021FlashMemoryConfigDataEPvE26__unsafe_l
__ZNSt3__116__list_node_baseIN18RenesasElectronics9MicomTool15DebuggerLibrary16EngineController7McuFile7RXE1E2021FlashMemoryConfigDataEPvE6__selfB8ne180100Ev
__ZNSt3__114pointer_traitsIPNS_16__list_node_baseIN18RenesasElectronics9MicomTool15DebuggerLibrary16EngineController7McuFile7RXE1E2021FlashMemoryConfigDataEPvEE
__ZNSt3__117__compressed_pairImNS_9allocatorINS_11__list_nodeIN18RenesasElectronics9MicomTool15DebuggerLibrary16EngineController7McuFile7RXE1E2021FlashMemoryCon
__ZNSt3__110__list_impIN18RenesasElectronics9MicomTool15DebuggerLibrary16EngineController7McuFile7RXE1E2021FlashMemoryConfigDataENS_9allocatorIS7_EEE12__node_al
__ZNSt3__111__list_nodeIN18RenesasElectronics9MicomTool15DebuggerLibrary16EngineController7McuFile7RXE1E2021FlashMemoryConfigDataEPvE11__get_valueB8ne180100Ev
__ZNSt3__112__destroy_atB8ne180100INS_11__list_nodeIN18RenesasElectronics9MicomTool15DebuggerLibrary16EngineController7McuFile7RXE1E2021FlashMemoryConfigDataEPv
__ZNSt3__116allocator_traitsINS_9allocatorINS_11__list_nodeIN18RenesasElectronics9MicomTool15DebuggerLibrary16EngineController7McuFile7RXE1E2021FlashMemoryConfi
__ZNSt3__117__compressed_pairImNS_9allocatorINS_11__list_nodeIN18RenesasElectronics9MicomTool15DebuggerLibrary16EngineController7McuFile7RXE1E2021FlashMemoryCon
__ZNSt3__122__compressed_pair_elemINS_9allocatorINS_11__list_nodeIN18RenesasElectronics9MicomTool15DebuggerLibrary16EngineController7McuFile7RXE1E2021FlashMemor
__ZNSt3__112__destroy_atB8ne180100IN18RenesasElectronics9MicomTool15DebuggerLibrary16EngineController7McuFile7RXE1E2021FlashMemoryConfigDataELi0EEEvPT_
__ZNSt3__111__list_nodeIN18RenesasElectronics9MicomTool15DebuggerLibrary16EngineController7McuFile7RXE1E2021FlashMemoryConfigDataEPvED1B8ne180100Ev
__ZNSt3__111__list_nodeIN18RenesasElectronics9MicomTool15DebuggerLibrary16EngineController7McuFile7RXE1E2021FlashMemoryConfigDataEPvED2B8ne180100Ev
__ZNSt3__19allocatorINS_11__list_nodeIN18RenesasElectronics9MicomTool15DebuggerLibrary16EngineController7McuFile7RXE1E2021FlashMemoryConfigDataEPvEEE10deallocat
__ZN18RenesasElectronics9MicomTool15DebuggerLibrary16EngineController7McuFile7RXE1E207RStringD2Ev
__ZN18RenesasElectronics9MicomTool15DebuggerLibrary16EngineController7McuFile7RXE1E2013RTypedPtrListINS4_8CPtrListEPNS4_12RMemoryBlockEEC2Ev
__ZNSt3__14listIPN18RenesasElectronics9MicomTool15DebuggerLibrary16EngineController7McuFile7RXE1E2012RMemoryBlockENS_9allocatorIS8_EEEC2B8ne180100Ev
__ZNSt3__115__list_iteratorIPN18RenesasElectronics9MicomTool15DebuggerLibrary16EngineController7McuFile7RXE1E2012RMemoryBlockEPvEC1B8ne180100Ev
__ZNSt3__110__list_impIPN18RenesasElectronics9MicomTool15DebuggerLibrary16EngineController7McuFile7RXE1E2012RMemoryBlockENS_9allocatorIS8_EEEC2Ev
__ZNSt3__116__list_node_baseIPN18RenesasElectronics9MicomTool15DebuggerLibrary16EngineController7McuFile7RXE1E2012RMemoryBlockEPvEC1B8ne180100Ev
__ZNSt3__117__compressed_pairImNS_9allocatorINS_11__list_nodeIPN18RenesasElectronics9MicomTool15DebuggerLibrary16EngineController7McuFile7RXE1E2012RMemoryBlockE
__ZNSt3__116__list_node_baseIPN18RenesasElectronics9MicomTool15DebuggerLibrary16EngineController7McuFile7RXE1E2012RMemoryBlockEPvEC2B8ne180100Ev
__ZNSt3__117__compressed_pairImNS_9allocatorINS_11__list_nodeIPN18RenesasElectronics9MicomTool15DebuggerLibrary16EngineController7McuFile7RXE1E2012RMemoryBlockE
__ZNSt3__122__compressed_pair_elemINS_9allocatorINS_11__list_nodeIPN18RenesasElectronics9MicomTool15DebuggerLibrary16EngineController7McuFile7RXE1E2012RMemoryBl
__ZNSt3__19allocatorINS_11__list_nodeIPN18RenesasElectronics9MicomTool15DebuggerLibrary16EngineController7McuFile7RXE1E2012RMemoryBlockEPvEEEC2B8ne180100Ev
__ZNSt3__116__non_trivial_ifILb1ENS_9allocatorINS_11__list_nodeIPN18RenesasElectronics9MicomTool15DebuggerLibrary16EngineController7McuFile7RXE1E2012RMemoryBloc
__ZNSt3__115__list_iteratorIPN18RenesasElectronics9MicomTool15DebuggerLibrary16EngineController7McuFile7RXE1E2012RMemoryBlockEPvEC2B8ne180100Ev
__ZN18RenesasElectronics9MicomTool15DebuggerLibrary16EngineController7McuFile7RXE1E2013RTypedPtrListINS4_8CPtrListEPNS4_12RMemoryBlockEED2Ev
__ZNSt3__14listIPN18RenesasElectronics9MicomTool15DebuggerLibrary16EngineController7McuFile7RXE1E2012RMemoryBlockENS_9allocatorIS8_EEED2Ev
__ZNSt3__110__list_impIPN18RenesasElectronics9MicomTool15DebuggerLibrary16EngineController7McuFile7RXE1E2012RMemoryBlockENS_9allocatorIS8_EEED2Ev
__ZNSt3__110__list_impIPN18RenesasElectronics9MicomTool15DebuggerLibrary16EngineController7McuFile7RXE1E2012RMemoryBlockENS_9allocatorIS8_EEE5clearEv
__ZNKSt3__110__list_impIPN18RenesasElectronics9MicomTool15DebuggerLibrary16EngineController7McuFile7RXE1E2012RMemoryBlockENS_9allocatorIS8_EEE5emptyB8ne180100Ev
__ZNSt3__110__list_impIPN18RenesasElectronics9MicomTool15DebuggerLibrary16EngineController7McuFile7RXE1E2012RMemoryBlockENS_9allocatorIS8_EEE14__unlink_nodesEPN
__ZNSt3__110__list_impIPN18RenesasElectronics9MicomTool15DebuggerLibrary16EngineController7McuFile7RXE1E2012RMemoryBlockENS_9allocatorIS8_EEE4__szB8ne180100Ev
__ZNSt3__117__compressed_pairImNS_9allocatorINS_11__list_nodeIPN18RenesasElectronics9MicomTool15DebuggerLibrary16EngineController7McuFile7RXE1E2012RMemoryBlockE
__ZNSt3__110__list_impIPN18RenesasElectronics9MicomTool15DebuggerLibrary16EngineController7McuFile7RXE1E2012RMemoryBlockENS_9allocatorIS8_EEE12__node_allocB8ne1
__ZNSt3__112__destroy_atB8ne180100INS_11__list_nodeIPN18RenesasElectronics9MicomTool15DebuggerLibrary16EngineController7McuFile7RXE1E2012RMemoryBlockEPvEELi0EEE
__ZNSt3__116allocator_traitsINS_9allocatorINS_11__list_nodeIPN18RenesasElectronics9MicomTool15DebuggerLibrary16EngineController7McuFile7RXE1E2012RMemoryBlockEPv
__ZNSt3__117__compressed_pairImNS_9allocatorINS_11__list_nodeIPN18RenesasElectronics9MicomTool15DebuggerLibrary16EngineController7McuFile7RXE1E2012RMemoryBlockE
__ZNSt3__122__compressed_pair_elemINS_9allocatorINS_11__list_nodeIPN18RenesasElectronics9MicomTool15DebuggerLibrary16EngineController7McuFile7RXE1E2012RMemoryBl
__ZNSt3__112__destroy_atB8ne180100IPN18RenesasElectronics9MicomTool15DebuggerLibrary16EngineController7McuFile7RXE1E2012RMemoryBlockELi0EEEvPT_
__ZNSt3__111__list_nodeIPN18RenesasElectronics9MicomTool15DebuggerLibrary16EngineController7McuFile7RXE1E2012RMemoryBlockEPvED1B8ne180100Ev
__ZNSt3__111__list_nodeIPN18RenesasElectronics9MicomTool15DebuggerLibrary16EngineController7McuFile7RXE1E2012RMemoryBlockEPvED2B8ne180100Ev
__ZNSt3__19allocatorINS_11__list_nodeIPN18RenesasElectronics9MicomTool15DebuggerLibrary16EngineController7McuFile7RXE1E2012RMemoryBlockEPvEEE10deallocateB8ne180
__ZN18RenesasElectronics9MicomTool15DebuggerLibrary16EngineController7McuFile7RXE1E207RStringC2ERKS5_
__ZN18RenesasElectronics9MicomTool15DebuggerLibrary16EngineController7McuFile7RXE1E2021FlashMemoryConfigDataC2Ev
__ZN18RenesasElectronics9MicomTool15DebuggerLibrary16EngineController7McuFile7RXE1E2021FlashMemoryConfigDataD2Ev
__ZN18RenesasElectronics9MicomTool15DebuggerLibrary16EngineController7McuFile7RXE1E207RStringC2EOS5_
__ZNSt3__110__list_impIN18RenesasElectronics9MicomTool15DebuggerLibrary16EngineController7McuFile7RXE1E2021FlashMemoryConfigDataENS_9allocatorIS7_EEEC2Ev
__ZNSt3__116__list_node_baseIN18RenesasElectronics9MicomTool15DebuggerLibrary16EngineController7McuFile7RXE1E2021FlashMemoryConfigDataEPvEC1B8ne180100Ev
__ZNSt3__117__compressed_pairImNS_9allocatorINS_11__list_nodeIN18RenesasElectronics9MicomTool15DebuggerLibrary16EngineController7McuFile7RXE1E2021FlashMemoryCon
__ZNSt3__116__list_node_baseIN18RenesasElectronics9MicomTool15DebuggerLibrary16EngineController7McuFile7RXE1E2021FlashMemoryConfigDataEPvEC2B8ne180100Ev
__ZNSt3__117__compressed_pairImNS_9allocatorINS_11__list_nodeIN18RenesasElectronics9MicomTool15DebuggerLibrary16EngineController7McuFile7RXE1E2021FlashMemoryCon
__ZNSt3__122__compressed_pair_elemINS_9allocatorINS_11__list_nodeIN18RenesasElectronics9MicomTool15DebuggerLibrary16EngineController7McuFile7RXE1E2021FlashMemor
__ZNSt3__19allocatorINS_11__list_nodeIN18RenesasElectronics9MicomTool15DebuggerLibrary16EngineController7McuFile7RXE1E2021FlashMemoryConfigDataEPvEEEC2B8ne18010
__ZNSt3__116__non_trivial_ifILb1ENS_9allocatorINS_11__list_nodeIN18RenesasElectronics9MicomTool15DebuggerLibrary16EngineController7McuFile7RXE1E2021FlashMemoryC
__ZNSt3__115__list_iteratorIN18RenesasElectronics9MicomTool15DebuggerLibrary16EngineController7McuFile7RXE1E2021FlashMemoryConfigDataEPvEC2B8ne180100Ev
__ZNSt3__110__list_impIN18RenesasElectronics9MicomTool15DebuggerLibrary16EngineController7McuFile7RXE1E2021FlashMemoryConfigDataENS_9allocatorIS7_EEE5beginB8ne1
__ZNSt3__115__list_iteratorIN18RenesasElectronics9MicomTool15DebuggerLibrary16EngineController7McuFile7RXE1E2021FlashMemoryConfigDataEPvEC1B8ne180100EPNS_16__li
__ZNSt3__115__list_iteratorIN18RenesasElectronics9MicomTool15DebuggerLibrary16EngineController7McuFile7RXE1E2021FlashMemoryConfigDataEPvEC2B8ne180100EPNS_16__li
__ZNSt3__110__list_impIN18RenesasElectronics9MicomTool15DebuggerLibrary16EngineController7McuFile7RXE1E2021FlashMemoryConfigDataENS_9allocatorIS7_EEE3endB8ne180
__ZNSt3__1eqB8ne180100ERKNS_15__list_iteratorIN18RenesasElectronics9MicomTool15DebuggerLibrary16EngineController7McuFile7RXE1E2021FlashMemoryConfigDataEPvEESB_
__ZNSt3__115__list_iteratorIN18RenesasElectronics9MicomTool15DebuggerLibrary16EngineController7McuFile7RXE1E2021FlashMemoryConfigDataEPvEppB8ne180100Ev
__ZNSt3__14listIPN18RenesasElectronics9MicomTool15DebuggerLibrary16EngineController7McuFile7RXE1E2012RMemoryBlockENS_9allocatorIS8_EEE9push_backERKS8_
__ZNSt3__111__list_nodeIPN18RenesasElectronics9MicomTool15DebuggerLibrary16EngineController7McuFile7RXE1E2012RMemoryBlockEPvE9__as_linkB8ne180100Ev
__ZNSt3__14listIPN18RenesasElectronics9MicomTool15DebuggerLibrary16EngineController7McuFile7RXE1E2012RMemoryBlockENS_9allocatorIS8_EEE20__link_nodes_at_backEPNS
__ZNSt3__118__allocation_guardINS_9allocatorINS_11__list_nodeIPN18RenesasElectronics9MicomTool15DebuggerLibrary16EngineController7McuFile7RXE1E2012RMemoryBlockE
__ZNSt3__114__construct_atB8ne180100INS_11__list_nodeIPN18RenesasElectronics9MicomTool15DebuggerLibrary16EngineController7McuFile7RXE1E2012RMemoryBlockEPvEEJRPN
__ZNKSt3__118__allocation_guardINS_9allocatorINS_11__list_nodeIPN18RenesasElectronics9MicomTool15DebuggerLibrary16EngineController7McuFile7RXE1E2012RMemoryBlock
__ZNSt3__118__allocation_guardINS_9allocatorINS_11__list_nodeIPN18RenesasElectronics9MicomTool15DebuggerLibrary16EngineController7McuFile7RXE1E2012RMemoryBlockE
__ZNSt3__118__allocation_guardINS_9allocatorINS_11__list_nodeIPN18RenesasElectronics9MicomTool15DebuggerLibrary16EngineController7McuFile7RXE1E2012RMemoryBlockE
__ZNSt3__118__allocation_guardINS_9allocatorINS_11__list_nodeIPN18RenesasElectronics9MicomTool15DebuggerLibrary16EngineController7McuFile7RXE1E2012RMemoryBlockE
__ZNSt3__116allocator_traitsINS_9allocatorINS_11__list_nodeIPN18RenesasElectronics9MicomTool15DebuggerLibrary16EngineController7McuFile7RXE1E2012RMemoryBlockEPv
__ZNSt3__19allocatorINS_11__list_nodeIPN18RenesasElectronics9MicomTool15DebuggerLibrary16EngineController7McuFile7RXE1E2012RMemoryBlockEPvEEE8allocateB8ne180100
__ZNKSt3__19allocatorINS_11__list_nodeIPN18RenesasElectronics9MicomTool15DebuggerLibrary16EngineController7McuFile7RXE1E2012RMemoryBlockEPvEEE8max_sizeB8ne18010
__ZNSt3__111__list_nodeIPN18RenesasElectronics9MicomTool15DebuggerLibrary16EngineController7McuFile7RXE1E2012RMemoryBlockEPvEC1B8ne180100EPNS_16__list_node_base
__ZNSt3__111__list_nodeIPN18RenesasElectronics9MicomTool15DebuggerLibrary16EngineController7McuFile7RXE1E2012RMemoryBlockEPvEC2B8ne180100EPNS_16__list_node_base
__ZNSt3__116__list_node_baseIPN18RenesasElectronics9MicomTool15DebuggerLibrary16EngineController7McuFile7RXE1E2012RMemoryBlockEPvEC2B8ne180100EPSA_SB_
__ZNSt3__118__allocation_guardINS_9allocatorINS_11__list_nodeIPN18RenesasElectronics9MicomTool15DebuggerLibrary16EngineController7McuFile7RXE1E2012RMemoryBlockE
__ZNSt3__118__allocation_guardINS_9allocatorINS_11__list_nodeIPN18RenesasElectronics9MicomTool15DebuggerLibrary16EngineController7McuFile7RXE1E2012RMemoryBlockE
__ZNSt3__115__list_iteratorIPN18RenesasElectronics9MicomTool15DebuggerLibrary16EngineController7McuFile7RXE1E2012RMemoryBlockEPvEmmB8ne180100Ev
__ZNSt3__14listIPN18RenesasElectronics9MicomTool15DebuggerLibrary16EngineController7McuFile7RXE1E2012RMemoryBlockENS_9allocatorIS8_EEE12__link_nodesEPNS_16__lis
__ZNSt3__14nextB8ne180100INS_15__list_iteratorIPN18RenesasElectronics9MicomTool15DebuggerLibrary16EngineController7McuFile7RXE1E2012RMemoryBlockEPvEELi0EEET_SC_
__ZNSt3__1neB8ne180100ERKNS_15__list_iteratorIPN18RenesasElectronics9MicomTool15DebuggerLibrary16EngineController7McuFile7RXE1E2012RMemoryBlockEPvEESC_
__ZNSt3__17advanceB8ne180100INS_15__list_iteratorIPN18RenesasElectronics9MicomTool15DebuggerLibrary16EngineController7McuFile7RXE1E2012RMemoryBlockEPvEEllvEEvRT
__ZNSt3__19__advanceB8ne180100INS_15__list_iteratorIPN18RenesasElectronics9MicomTool15DebuggerLibrary16EngineController7McuFile7RXE1E2012RMemoryBlockEPvEEEEvRT_
__ZNSt3__111__list_nodeIN18RenesasElectronics9MicomTool15DebuggerLibrary16EngineController7McuFile7RXE1E2021FlashMemoryConfigDataEPvE9__as_linkB8ne180100Ev
__ZNSt3__14listIN18RenesasElectronics9MicomTool15DebuggerLibrary16EngineController7McuFile7RXE1E2021FlashMemoryConfigDataENS_9allocatorIS7_EEE20__link_nodes_at_
__ZNSt3__118__allocation_guardINS_9allocatorINS_11__list_nodeIN18RenesasElectronics9MicomTool15DebuggerLibrary16EngineController7McuFile7RXE1E2021FlashMemoryCon
__ZNSt3__114__construct_atB8ne180100INS_11__list_nodeIN18RenesasElectronics9MicomTool15DebuggerLibrary16EngineController7McuFile7RXE1E2021FlashMemoryConfigDataE
__ZNKSt3__118__allocation_guardINS_9allocatorINS_11__list_nodeIN18RenesasElectronics9MicomTool15DebuggerLibrary16EngineController7McuFile7RXE1E2021FlashMemoryCo
__ZNSt3__118__allocation_guardINS_9allocatorINS_11__list_nodeIN18RenesasElectronics9MicomTool15DebuggerLibrary16EngineController7McuFile7RXE1E2021FlashMemoryCon
__ZNSt3__118__allocation_guardINS_9allocatorINS_11__list_nodeIN18RenesasElectronics9MicomTool15DebuggerLibrary16EngineController7McuFile7RXE1E2021FlashMemoryCon
__ZNSt3__118__allocation_guardINS_9allocatorINS_11__list_nodeIN18RenesasElectronics9MicomTool15DebuggerLibrary16EngineController7McuFile7RXE1E2021FlashMemoryCon
__ZNSt3__116allocator_traitsINS_9allocatorINS_11__list_nodeIN18RenesasElectronics9MicomTool15DebuggerLibrary16EngineController7McuFile7RXE1E2021FlashMemoryConfi
__ZNSt3__19allocatorINS_11__list_nodeIN18RenesasElectronics9MicomTool15DebuggerLibrary16EngineController7McuFile7RXE1E2021FlashMemoryConfigDataEPvEEE8allocateB8
__ZNKSt3__19allocatorINS_11__list_nodeIN18RenesasElectronics9MicomTool15DebuggerLibrary16EngineController7McuFile7RXE1E2021FlashMemoryConfigDataEPvEEE8max_sizeB
__ZNSt3__111__list_nodeIN18RenesasElectronics9MicomTool15DebuggerLibrary16EngineController7McuFile7RXE1E2021FlashMemoryConfigDataEPvEC1B8ne180100EPNS_16__list_n
__ZNSt3__111__list_nodeIN18RenesasElectronics9MicomTool15DebuggerLibrary16EngineController7McuFile7RXE1E2021FlashMemoryConfigDataEPvEC2B8ne180100EPNS_16__list_n
__ZNSt3__116__list_node_baseIN18RenesasElectronics9MicomTool15DebuggerLibrary16EngineController7McuFile7RXE1E2021FlashMemoryConfigDataEPvEC2B8ne180100EPS9_SA_
__ZN18RenesasElectronics9MicomTool15DebuggerLibrary16EngineController7McuFile7RXE1E2021FlashMemoryConfigDataC1ERKS5_
__ZN18RenesasElectronics9MicomTool15DebuggerLibrary16EngineController7McuFile7RXE1E2021FlashMemoryConfigDataC2ERKS5_
__ZNSt3__118__allocation_guardINS_9allocatorINS_11__list_nodeIN18RenesasElectronics9MicomTool15DebuggerLibrary16EngineController7McuFile7RXE1E2021FlashMemoryCon
__ZNSt3__118__allocation_guardINS_9allocatorINS_11__list_nodeIN18RenesasElectronics9MicomTool15DebuggerLibrary16EngineController7McuFile7RXE1E2021FlashMemoryCon
__ZNSt3__14listIPN18RenesasElectronics9MicomTool15DebuggerLibrary16EngineController7McuFile7RXE1E2012RMemoryBlockENS_9allocatorIS8_EEE5clearB8ne180100Ev
__ZTSN15CFncEzonMcuFile12CMemoryBlockE
__ZTSN15CFncEzonMcuFile14CFlashRomBlockE
__ZTSN15CFncEzonMcuFile12CExtMemBlockE
__ZTS17CFncCommonMcuFile
__ZTSN15CFncEzonMcuFile9CSfrBlockE
__ZTSN15CFncEzonMcuFile9CRamBlockE
__ZTSNSt3__14listIN18RenesasElectronics9MicomTool15DebuggerLibrary16EngineController7McuFile7RXE1E2021FlashMemoryConfigDataENS_9allocatorIS7_EEEE
__ZTSNSt3__110__list_impIN18RenesasElectronics9MicomTool15DebuggerLibrary16EngineController7McuFile7RXE1E2021FlashMemoryConfigDataENS_9allocatorIS7_EEEE
__ZTIN15CFncEzonMcuFile12CMemoryBlockE
__ZTIN15CFncEzonMcuFile14CFlashRomBlockE
__ZTIN15CFncEzonMcuFile12CExtMemBlockE
__ZTI17CFncCommonMcuFile
__ZTV17CFncCommonMcuFile
__ZTVN15CFncEzonMcuFile9CSfrBlockE
__ZTIN15CFncEzonMcuFile9CSfrBlockE
__ZTVN15CFncEzonMcuFile12CMemoryBlockE
__ZTVN15CFncEzonMcuFile14CFlashRomBlockE
__ZTVN15CFncEzonMcuFile9CRamBlockE
__ZTIN15CFncEzonMcuFile9CRamBlockE
__ZTVN15CFncEzonMcuFile12CExtMemBlockE
__ZTINSt3__110__list_impIN18RenesasElectronics9MicomTool15DebuggerLibrary16EngineController7McuFile7RXE1E2021FlashMemoryConfigDataENS_9allocatorIS7_EEEE
__ZTINSt3__14listIN18RenesasElectronics9MicomTool15DebuggerLibrary16EngineController7McuFile7RXE1E2021FlashMemoryConfigDataENS_9allocatorIS7_EEEE
__ZN18RenesasElectronics9MicomTool15DebuggerLibrary16EngineController7McuFile7RXE1E20L20szEnvironmentSectionE
__ZN18RenesasElectronics9MicomTool15DebuggerLibrary16EngineController7McuFile7RXE1E20L20szMCUINFODATASectionE
__ZN18RenesasElectronics9MicomTool15DebuggerLibrary16EngineController7McuFile7RXE1E20L18szMemoryMapSectionE
__ZN18RenesasElectronics9MicomTool15DebuggerLibrary16EngineController7McuFile7RXE1E20L14szFilesSectionE
__ZN18RenesasElectronics9MicomTool15DebuggerLibrary16EngineController7McuFile7RXE1E20L21szFirmwareDataSectionE
__ZN18RenesasElectronics9MicomTool15DebuggerLibrary16EngineController7McuFile7RXE1E20L14szTMOUTSectionE
__ZN18RenesasElectronics9MicomTool15DebuggerLibrary16EngineController7McuFile7RXE1E20L14szUSBTSSectionE
__ZN18RenesasElectronics9MicomTool15DebuggerLibrary16EngineController7McuFile7RXE1E20L16szDBGDATASectionE
__ZN18RenesasElectronics9MicomTool15DebuggerLibrary16EngineController7McuFile7RXE1E20L16szMCUInfoSectionE
__ZN18RenesasElectronics9MicomTool15DebuggerLibrary16EngineController7McuFile7RXE1E20L12szMCUSectionE
__ZN18RenesasElectronics9MicomTool15DebuggerLibrary16EngineController7McuFile7RXE1E20L20szMCUAREADATASectionE
__ZN18RenesasElectronics9MicomTool15DebuggerLibrary16EngineController7McuFile7RXE1E20L16szSCICTRLSectionE
__ZN18RenesasElectronics9MicomTool15DebuggerLibrary16EngineController7McuFile7RXE1E20L13szPMODSectionE
__ZN18RenesasElectronics9MicomTool15DebuggerLibrary16EngineController7McuFile7RXE1E20L17szFMCDDataSectionE
__ZN18RenesasElectronics9MicomTool15DebuggerLibrary16EngineController7McuFile7RXE1E20L15szRMDATASectionE
__ZN18RenesasElectronics9MicomTool15DebuggerLibrary16EngineController7McuFile7RXE1E20L16szCVMDATASectionE
__ZN18RenesasElectronics9MicomTool15DebuggerLibrary16EngineController7McuFile7RXE1E20L16szWTRLOADSectionE
__ZN18RenesasElectronics9MicomTool15DebuggerLibrary16EngineController7McuFile7RXE1E20L17szDebuggerSectionE
__ZN26TargetDeviceFileConstanstsL15McuFilesPathTagE
__ZN26TargetDeviceFileConstanstsL16McuFileAttributeE
__ZN26TargetDeviceFileConstanstsL15McuFilesPathTagE
__ZN26TargetDeviceFileConstanstsL16McuFileAttributeE
__ZN26TargetDeviceFileConstanstsL15McuFilesPathTagE
__ZN26TargetDeviceFileConstanstsL16McuFileAttributeE
__ZN26TargetDeviceFileConstanstsL15McuFilesPathTagE
__ZN26TargetDeviceFileConstanstsL16McuFileAttributeE
__ZN26TargetDeviceFileConstanstsL15McuFilesPathTagE
__ZN26TargetDeviceFileConstanstsL16McuFileAttributeE
__ZN26TargetDeviceFileConstanstsL15McuFilesPathTagE
__ZN26TargetDeviceFileConstanstsL16McuFileAttributeE
__ZN26TargetDeviceFileConstanstsL15McuFilesPathTagE
__ZN26TargetDeviceFileConstanstsL16McuFileAttributeE
__ZN26TargetDeviceFileConstanstsL15McuFilesPathTagE
__ZN26TargetDeviceFileConstanstsL16McuFileAttributeE
--- flags with Mcu ---
-uExtFlashFile=
-uSkipSelectDeviceCheck=
-uT32Path=
-uBootSignedEncProvSwPath=
-uExtFlashLibFile=
-udtaLogFilePath=
-uMultiDeviceSync=
