ffmpeg version 8.0.1 Copyright (c) 2000-2025 the FFmpeg developers
  built with Apple clang version 17.0.0 (clang-1700.6.3.2)
  configuration: --prefix=/opt/homebrew/Cellar/ffmpeg/8.0.1_1 --enable-shared --enable-pthreads --enable-version3 --cc=clang --host-cflags= --host-ldflags= --enable-ffplay --enable-gpl --enable-libsvtav1 --enable-libopus --enable-libx264 --enable-libmp3lame --enable-libdav1d --enable-libvpx --enable-libx265 --enable-videotoolbox --enable-audiotoolbox --enable-neon
  libavutil      60.  8.100 / 60.  8.100
  libavcodec     62. 11.100 / 62. 11.100
  libavformat    62.  3.100 / 62.  3.100
  libavdevice    62.  1.100 / 62.  1.100
  libavfilter    11.  4.100 / 11.  4.100
  libswscale      9.  1.100 /  9.  1.100
  libswresample   6.  1.100 /  6.  1.100
[mov,mp4,m4a,3gp,3g2,mj2 @ 0xa74c18000] stream 0, timescale not set
Input #0, mov,mp4,m4a,3gp,3g2,mj2, from '/Users/spectrasynq/SpectraSynq-EdgeAI-Lab/datasets/musdb18/test/Angels In Amplifiers - I'm Alright.stem.mp4':
  Metadata:
    major_brand     : isom
    minor_version   : 1
    compatible_brands: isom
    creation_time   : 2017-12-16T16:26:04.000000Z
  Duration: 00:02:59.39, start: 0.000000, bitrate: 1288 kb/s
  Stream #0:0[0x1](und): Audio: aac (LC) (mp4a / 0x6134706D), 44100 Hz, stereo, fltp, 256 kb/s (default)
    Metadata:
      handler_name    : SoundHandler
      vendor_id       : [0][0][0][0]
  Stream #0:1[0x2](und): Audio: aac (LC) (mp4a / 0x6134706D), 44100 Hz, stereo, fltp, 256 kb/s
    Metadata:
      handler_name    : SoundHandler
      vendor_id       : [0][0][0][0]
  Stream #0:2[0x3](und): Audio: aac (LC) (mp4a / 0x6134706D), 44100 Hz, stereo, fltp, 256 kb/s
    Metadata:
      handler_name    : SoundHandler
      vendor_id       : [0][0][0][0]
  Stream #0:3[0x4](und): Audio: aac (LC) (mp4a / 0x6134706D), 44100 Hz, stereo, fltp, 256 kb/s
    Metadata:
      handler_name    : SoundHandler
      vendor_id       : [0][0][0][0]
  Stream #0:4[0x5](und): Audio: aac (LC) (mp4a / 0x6134706D), 44100 Hz, stereo, fltp, 256 kb/s
    Metadata:
      handler_name    : SoundHandler
      vendor_id       : [0][0][0][0]
  Stream #0:5[0x0]: Video: png, rgba(pc, gbr/unknown/unknown), 512x512 [SAR 20157:20157 DAR 1:1], 90k tbr, 90k tbn (attached pic)
Stream mapping:
  Stream #0:0 -> #0:0 (aac (native) -> pcm_s16le (native))
Press [q] to stop, [?] for help
Output #0, s16le, to '/Users/spectrasynq/Workspace_Management/Software/SpectraSynq-K1-RA8P1-Firmware/docs/evidence/K1-RA8P1-002/host-repair-p604-20260924/media/stability-angels-54s.pcm':
  Metadata:
    major_brand     : isom
    minor_version   : 1
    compatible_brands: isom
    encoder         : Lavf62.3.100
  Stream #0:0(und): Audio: pcm_s16le, 24000 Hz, mono, s16, 384 kb/s (default)
    Metadata:
      encoder         : Lavc62.11.100 pcm_s16le
      handler_name    : SoundHandler
      vendor_id       : [0][0][0][0]
[out#0/s16le @ 0xa750389c0] video:0KiB audio:2531KiB subtitle:0KiB other streams:0KiB global headers:0KiB muxing overhead: 0.000000%
size=    2531KiB time=00:00:54.00 bitrate= 384.0kbits/s speed=1.21e+03x elapsed=0:00:00.04    
